Component: Arm Compiler for Embedded 6.21 Tool: armlink [5ec1fa00]

==============================================================================

Section Cross References

    startup_stm32l073xx.o(STACK) refers (Special) to heapauxi.o(.text) for __use_two_region_memory
    startup_stm32l073xx.o(HEAP) refers (Special) to heapauxi.o(.text) for __use_two_region_memory
    startup_stm32l073xx.o(RESET) refers (Special) to heapauxi.o(.text) for __use_two_region_memory
    startup_stm32l073xx.o(RESET) refers to startup_stm32l073xx.o(STACK) for __initial_sp
    startup_stm32l073xx.o(RESET) refers to startup_stm32l073xx.o(.text) for Reset_Handler
    startup_stm32l073xx.o(RESET) refers to stm32l0xx_it.o(.text.NMI_Handler) for NMI_Handler
    startup_stm32l073xx.o(RESET) refers to stm32l0xx_it.o(.text.HardFault_Handler) for HardFault_Handler
    startup_stm32l073xx.o(RESET) refers to stm32l0xx_it.o(.text.SVC_Handler) for SVC_Handler
    startup_stm32l073xx.o(RESET) refers to stm32l0xx_it.o(.text.PendSV_Handler) for PendSV_Handler
    startup_stm32l073xx.o(RESET) refers to stm32l0xx_it.o(.text.SysTick_Handler) for SysTick_Handler
    startup_stm32l073xx.o(RESET) refers to stm32l0xx_it.o(.text.USART4_5_IRQHandler) for USART4_5_IRQHandler
    startup_stm32l073xx.o(RESET) refers to stm32l0xx_it.o(.text.TIM2_IRQHandler) for TIM2_IRQHandler
    startup_stm32l073xx.o(RESET) refers to stm32l0xx_it.o(.text.I2C1_IRQHandler) for I2C1_IRQHandler
    startup_stm32l073xx.o(.text) refers (Special) to heapauxi.o(.text) for __use_two_region_memory
    startup_stm32l073xx.o(.text) refers to system_stm32l0xx.o(.text.SystemInit) for SystemInit
    startup_stm32l073xx.o(.text) refers to __main.o(!!!main) for __main
    startup_stm32l073xx.o(.text) refers to startup_stm32l073xx.o(HEAP) for Heap_Mem
    startup_stm32l073xx.o(.text) refers to startup_stm32l073xx.o(STACK) for Stack_Mem
    main.o(.text) refers (Special) to _printf_percent.o(.ARM.Collect$$_printf_percent$$00000000) for _printf_percent
    main.o(.text) refers (Special) to _printf_f.o(.ARM.Collect$$_printf_percent$$00000003) for _printf_f
    main.o(.text) refers (Special) to printf1.o(x$fpl$printf1) for _printf_fp_dec
    main.o(.text.MyErrorHandlerI2C) refers (Special) to _printf_percent.o(.ARM.Collect$$_printf_percent$$00000000) for _printf_percent
    main.o(.text.MyErrorHandlerI2C) refers (Special) to _printf_f.o(.ARM.Collect$$_printf_percent$$00000003) for _printf_f
    main.o(.text.MyErrorHandlerI2C) refers (Special) to printf1.o(x$fpl$printf1) for _printf_fp_dec
    main.o(.ARM.exidx.text.MyErrorHandlerI2C) refers (Special) to _printf_percent.o(.ARM.Collect$$_printf_percent$$00000000) for _printf_percent
    main.o(.ARM.exidx.text.MyErrorHandlerI2C) refers (Special) to _printf_f.o(.ARM.Collect$$_printf_percent$$00000003) for _printf_f
    main.o(.ARM.exidx.text.MyErrorHandlerI2C) refers (Special) to printf1.o(x$fpl$printf1) for _printf_fp_dec
    main.o(.ARM.exidx.text.MyErrorHandlerI2C) refers to main.o(.text.MyErrorHandlerI2C) for [Anonymous Symbol]
    main.o(.text.adxl_write) refers (Special) to _printf_percent.o(.ARM.Collect$$_printf_percent$$00000000) for _printf_percent
    main.o(.text.adxl_write) refers (Special) to _printf_f.o(.ARM.Collect$$_printf_percent$$00000003) for _printf_f
    main.o(.text.adxl_write) refers (Special) to printf1.o(x$fpl$printf1) for _printf_fp_dec
    main.o(.text.adxl_write) refers to stm32l0xx_hal_i2c.o(.text.HAL_I2C_Master_Transmit) for HAL_I2C_Master_Transmit
    main.o(.text.adxl_write) refers to main.o(.bss.hi2c1) for hi2c1
    main.o(.ARM.exidx.text.adxl_write) refers (Special) to _printf_percent.o(.ARM.Collect$$_printf_percent$$00000000) for _printf_percent
    main.o(.ARM.exidx.text.adxl_write) refers (Special) to _printf_f.o(.ARM.Collect$$_printf_percent$$00000003) for _printf_f
    main.o(.ARM.exidx.text.adxl_write) refers (Special) to printf1.o(x$fpl$printf1) for _printf_fp_dec
    main.o(.ARM.exidx.text.adxl_write) refers to main.o(.text.adxl_write) for [Anonymous Symbol]
    main.o(.text.adxl_read) refers (Special) to _printf_percent.o(.ARM.Collect$$_printf_percent$$00000000) for _printf_percent
    main.o(.text.adxl_read) refers (Special) to _printf_f.o(.ARM.Collect$$_printf_percent$$00000003) for _printf_f
    main.o(.text.adxl_read) refers (Special) to printf1.o(x$fpl$printf1) for _printf_fp_dec
    main.o(.text.adxl_read) refers to stm32l0xx_hal_i2c.o(.text.HAL_I2C_Mem_Read) for HAL_I2C_Mem_Read
    main.o(.text.adxl_read) refers to main.o(.bss..L_MergedGlobals) for [Anonymous Symbol]
    main.o(.text.adxl_read) refers to main.o(.bss.hi2c1) for hi2c1
    main.o(.ARM.exidx.text.adxl_read) refers (Special) to _printf_percent.o(.ARM.Collect$$_printf_percent$$00000000) for _printf_percent
    main.o(.ARM.exidx.text.adxl_read) refers (Special) to _printf_f.o(.ARM.Collect$$_printf_percent$$00000003) for _printf_f
    main.o(.ARM.exidx.text.adxl_read) refers (Special) to printf1.o(x$fpl$printf1) for _printf_fp_dec
[...]
    [Anonymous Symbol]                       0x08004540   Section        0  stm32l0xx_it.o(.text.I2C1_IRQHandler)
    __arm_cp.7_0                             0x08004560   Number         4  stm32l0xx_it.o(.text.I2C1_IRQHandler)
    I2C_DMAAbort                             0x08004565   Thumb Code    62  stm32l0xx_hal_i2c.o(.text.I2C_DMAAbort)
    [Anonymous Symbol]                       0x08004564   Section        0  stm32l0xx_hal_i2c.o(.text.I2C_DMAAbort)
    I2C_ITAddrCplt                           0x080045a5   Thumb Code   164  stm32l0xx_hal_i2c.o(.text.I2C_ITAddrCplt)
    [Anonymous Symbol]                       0x080045a4   Section        0  stm32l0xx_hal_i2c.o(.text.I2C_ITAddrCplt)
    __arm_cp.71_0                            0x08004648   Number         4  stm32l0xx_hal_i2c.o(.text.I2C_ITAddrCplt)
    I2C_ITError                              0x0800464d   Thumb Code   340  stm32l0xx_hal_i2c.o(.text.I2C_ITError)
    [Anonymous Symbol]                       0x0800464c   Section        0  stm32l0xx_hal_i2c.o(.text.I2C_ITError)
    __arm_cp.53_1                            0x080047a0   Number         4  stm32l0xx_hal_i2c.o(.text.I2C_ITError)
    __arm_cp.53_2                            0x080047a4   Number         4  stm32l0xx_hal_i2c.o(.text.I2C_ITError)
    I2C_ITSlaveCplt                          0x080047a9   Thumb Code   504  stm32l0xx_hal_i2c.o(.text.I2C_ITSlaveCplt)
    [Anonymous Symbol]                       0x080047a8   Section        0  stm32l0xx_hal_i2c.o(.text.I2C_ITSlaveCplt)
    __arm_cp.69_1                            0x080049a0   Number         4  stm32l0xx_hal_i2c.o(.text.I2C_ITSlaveCplt)
    I2C_ITSlaveSeqCplt                       0x080049a5   Thumb Code   124  stm32l0xx_hal_i2c.o(.text.I2C_ITSlaveSeqCplt)
    [Anonymous Symbol]                       0x080049a4   Section        0  stm32l0xx_hal_i2c.o(.text.I2C_ITSlaveSeqCplt)
    __arm_cp.70_0                            0x08004a20   Number         4  stm32l0xx_hal_i2c.o(.text.I2C_ITSlaveSeqCplt)
    __arm_cp.70_1                            0x08004a24   Number         4  stm32l0xx_hal_i2c.o(.text.I2C_ITSlaveSeqCplt)
    I2C_IsErrorOccurred                      0x08004a29   Thumb Code   380  stm32l0xx_hal_i2c.o(.text.I2C_IsErrorOccurred)
    [Anonymous Symbol]                       0x08004a28   Section        0  stm32l0xx_hal_i2c.o(.text.I2C_IsErrorOccurred)
    __arm_cp.72_0                            0x08004ba4   Number         4  stm32l0xx_hal_i2c.o(.text.I2C_IsErrorOccurred)
    I2C_Slave_ISR_IT                         0x08004ba9   Thumb Code   576  stm32l0xx_hal_i2c.o(.text.I2C_Slave_ISR_IT)
    [Anonymous Symbol]                       0x08004ba8   Section        0  stm32l0xx_hal_i2c.o(.text.I2C_Slave_ISR_IT)
    __arm_cp.17_0                            0x08004de8   Number         4  stm32l0xx_hal_i2c.o(.text.I2C_Slave_ISR_IT)
    __arm_cp.17_1                            0x08004dec   Number         4  stm32l0xx_hal_i2c.o(.text.I2C_Slave_ISR_IT)
    __arm_cp.17_2                            0x08004df0   Number         4  stm32l0xx_hal_i2c.o(.text.I2C_Slave_ISR_IT)
    __arm_cp.17_3                            0x08004df4   Number         4  stm32l0xx_hal_i2c.o(.text.I2C_Slave_ISR_IT)
    I2C_WaitOnFlagUntilTimeout               0x08004df9   Thumb Code   222  stm32l0xx_hal_i2c.o(.text.I2C_WaitOnFlagUntilTimeout)
    [Anonymous Symbol]                       0x08004df8   Section        0  stm32l0xx_hal_i2c.o(.text.I2C_WaitOnFlagUntilTimeout)
    I2C_WaitOnSTOPFlagUntilTimeout           0x08004ed7   Thumb Code   134  stm32l0xx_hal_i2c.o(.text.I2C_WaitOnSTOPFlagUntilTimeout)
    [Anonymous Symbol]                       0x08004ed6   Section        0  stm32l0xx_hal_i2c.o(.text.I2C_WaitOnSTOPFlagUntilTimeout)
    I2C_WaitOnTXISFlagUntilTimeout           0x08004f5d   Thumb Code   166  stm32l0xx_hal_i2c.o(.text.I2C_WaitOnTXISFlagUntilTimeout)
    [Anonymous Symbol]                       0x08004f5c   Section        0  stm32l0xx_hal_i2c.o(.text.I2C_WaitOnTXISFlagUntilTimeout)
    [Anonymous Symbol]                       0x08005002   Section        0  stm32l0xx_it.o(.text.NMI_Handler)
    [Anonymous Symbol]                       0x08005004   Section        0  stm32l0xx_it.o(.text.PendSV_Handler)
    [Anonymous Symbol]                       0x08005006   Section        0  stm32l0xx_it.o(.text.SVC_Handler)
    [Anonymous Symbol]                       0x08005008   Section        0  stm32l0xx_it.o(.text.SysTick_Handler)
    [Anonymous Symbol]                       0x08005010   Section        0  system_stm32l0xx.o(.text.SystemInit)
    [Anonymous Symbol]                       0x08005014   Section        0  stm32l0xx_it.o(.text.TIM2_IRQHandler)
    __arm_cp.6_0                             0x08005020   Number         4  stm32l0xx_it.o(.text.TIM2_IRQHandler)
    [Anonymous Symbol]                       0x08005024   Section        0  stm32l0xx_hal_uart.o(.text.UART_AdvFeatureConfig)
    [Anonymous Symbol]                       0x080050f8   Section        0  stm32l0xx_hal_uart.o(.text.UART_CheckIdleState)
    __arm_cp.4_0                             0x080051b8   Number         4  stm32l0xx_hal_uart.o(.text.UART_CheckIdleState)
    UART_DMAAbortOnError                     0x080051bd   Thumb Code    22  stm32l0xx_hal_uart.o(.text.UART_DMAAbortOnError)
    [Anonymous Symbol]                       0x080051bc   Section        0  stm32l0xx_hal_uart.o(.text.UART_DMAAbortOnError)
    [Anonymous Symbol]                       0x080051d4   Section        0  stm32l0xx_hal_uart.o(.text.UART_SetConfig)
    __arm_cp.2_0                             0x080053b8   Number         4  stm32l0xx_hal_uart.o(.text.UART_SetConfig)
    __arm_cp.2_1                             0x080053bc   Number         4  stm32l0xx_hal_uart.o(.text.UART_SetConfig)
    __arm_cp.2_2                             0x080053c0   Number         4  stm32l0xx_hal_uart.o(.text.UART_SetConfig)
    __arm_cp.2_3                             0x080053c4   Number         4  stm32l0xx_hal_uart.o(.text.UART_SetConfig)
    __arm_cp.2_4                             0x080053c8   Number         4  stm32l0xx_hal_uart.o(.text.UART_SetConfig)
    __arm_cp.2_5                             0x080053cc   Number         4  stm32l0xx_hal_uart.o(.text.UART_SetConfig)
    __arm_cp.2_6                             0x080053d0   Number         4  stm32l0xx_hal_uart.o(.text.UART_SetConfig)
    __arm_cp.2_7                             0x080053d4   Number         4  stm32l0xx_hal_uart.o(.text.UART_SetConfig)
    __arm_cp.2_8                             0x080053d8   Number         4  stm32l0xx_hal_uart.o(.text.UART_SetConfig)
    __arm_cp.2_10                            0x080053ec   Number         4  stm32l0xx_hal_uart.o(.text.UART_SetConfig)
    __arm_cp.2_11                            0x080053f0   Number         4  stm32l0xx_hal_uart.o(.text.UART_SetConfig)
    __arm_cp.2_12                            0x080053f4   Number         4  stm32l0xx_hal_uart.o(.text.UART_SetConfig)
    __arm_cp.2_13                            0x080053f8   Number         4  stm32l0xx_hal_uart.o(.text.UART_SetConfig)
    __arm_cp.2_14                            0x080053fc   Number         4  stm32l0xx_hal_uart.o(.text.UART_SetConfig)
    UART_TxISR_16BIT                         0x08005401   Thumb Code    92  stm32l0xx_hal_uart.o(.text.UART_TxISR_16BIT)
    [Anonymous Symbol]                       0x08005400   Section        0  stm32l0xx_hal_uart.o(.text.UART_TxISR_16BIT)
    __arm_cp.14_0                            0x0800545c   Number         4  stm32l0xx_hal_uart.o(.text.UART_TxISR_16BIT)
    UART_TxISR_8BIT                          0x08005461   Thumb Code    88  stm32l0xx_hal_uart.o(.text.UART_TxISR_8BIT)
    [Anonymous Symbol]                       0x08005460   Section        0  stm32l0xx_hal_uart.o(.text.UART_TxISR_8BIT)
    [Anonymous Symbol]                       0x080054b8   Section        0  stm32l0xx_hal_uart.o(.text.UART_WaitOnFlagUntilTimeout)
    [Anonymous Symbol]                       0x0800565c   Section        0  stm32l0xx_it.o(.text.USART4_5_IRQHandler)
    [Anonymous Symbol]                       0x08005668   Section        0  main.o(.text.calculate_rms)
    __arm_cp.7_0                             0x080057d4   Number         4  main.o(.text.calculate_rms)
    __arm_cp.7_1                             0x080057d8   Number         4  main.o(.text.calculate_rms)
    [Anonymous Symbol]                       0x080057dc   Section        0  main.o(.text.dataUART)
    __arm_cp.9_0                             0x08005854   Number         4  main.o(.text.dataUART)
    __arm_cp.9_1                             0x08005858   Number         4  main.o(.text.dataUART)
    __arm_cp.9_3                             0x08005880   Number         4  main.o(.text.dataUART)
    [Anonymous Symbol]                       0x08005884   Section        0  main.o(.text.display_rms)
    __arm_cp.8_0                             0x0800592c   Number         4  main.o(.text.display_rms)
    __arm_cp.8_2                             0x0800593c   Number         4  main.o(.text.display_rms)
    [Anonymous Symbol]                       0x08005958   Section        0  main.o(.text.main)
    __arm_cp.13_0                            0x08005b98   Number         4  main.o(.text.main)
    __arm_cp.13_1                            0x08005b9c   Number         4  main.o(.text.main)
    __arm_cp.13_3                            0x08005ba0   Number         4  main.o(.text.main)
    __arm_cp.13_4                            0x08005ba4   Number         4  main.o(.text.main)
    __arm_cp.13_5                            0x08005ba8   Number         4  main.o(.text.main)
    __arm_cp.13_6                            0x08005bac   Number         4  main.o(.text.main)
    __arm_cp.13_7                            0x08005bb0   Number         4  main.o(.text.main)
    __arm_cp.13_8                            0x08005bb4   Number         4  main.o(.text.main)
    [Anonymous Symbol]                       0x08005bb8   Section        0  main.o(.text.read_ADXL_data)
    __arm_cp.6_0                             0x08005c58   Number         4  main.o(.text.read_ADXL_data)
    __arm_cp.6_1                             0x08005c5c   Number         4  main.o(.text.read_ADXL_data)
    __arm_cp.6_2                             0x08005c60   Number         4  main.o(.text.read_ADXL_data)
    __arm_cp.6_3                             0x08005c64   Number         4  main.o(.text.read_ADXL_data)
    __arm_cp.6_4                             0x08005c68   Number         4  main.o(.text.read_ADXL_data)
    __arm_cp.6_5                             0x08005c6c   Number         4  main.o(.text.read_ADXL_data)
    [Anonymous Symbol]                       0x08005c70   Section        0  ssd1306.o(.text.ssd1306_Init)
    __arm_cp.4_1                             0x08005f04   Number         4  ssd1306.o(.text.ssd1306_Init)
    [Anonymous Symbol]                       0x08005f08   Section        0  ssd1306.o(.text.ssd1306_SetCursor)
    __arm_cp.12_0                            0x08005f10   Number         4  ssd1306.o(.text.ssd1306_SetCursor)
    [Anonymous Symbol]                       0x08005f14   Section        0  ssd1306.o(.text.ssd1306_UpdateScreen)
    __arm_cp.8_0                             0x08006094   Number         4  ssd1306.o(.text.ssd1306_UpdateScreen)
    __arm_cp.8_1                             0x08006098   Number         4  ssd1306.o(.text.ssd1306_UpdateScreen)
    [Anonymous Symbol]                       0x0800609c   Section        0  ssd1306.o(.text.ssd1306_WriteChar)
    __arm_cp.10_0                            0x080063a0   Number         4  ssd1306.o(.text.ssd1306_WriteChar)
    __arm_cp.10_1                            0x080063a4   Number         4  ssd1306.o(.text.ssd1306_WriteChar)
    [Anonymous Symbol]                       0x080063a8   Section        0  ssd1306.o(.text.ssd1306_WriteString)
    .text_divfast                            0x080063ea   Section      502  aeabi_sdivfast.o(.text_divfast)
    i.__ARM_common_ll_muluu                  0x080065e0   Section        0  btod.o(i.__ARM_common_ll_muluu)
    i.__ARM_fpclassify                       0x08006610   Section        0  fpclassify.o(i.__ARM_fpclassify)
    i._is_digit                              0x0800663c   Section        0  __printf_wp.o(i._is_digit)
    i.fputc                                  0x0800664a   Section        0  fputc.o(i.fputc)
    i.sqrtf                                  0x0800666a   Section        0  sqrtf.o(i.sqrtf)
    locale$$code                             0x08006698   Section       44  lc_numeric_c.o(locale$$code)
    x$fpl$fmul                               0x080066c4   Section      176  fmul.o(x$fpl$fmul)
    x$fpl$printf1                            0x08006774   Section       16  printf1.o(x$fpl$printf1)
    tenpwrs_x                                0x08006784   Data          60  bigflt0.o(.constdata)
    .constdata                               0x08006784   Section      148  bigflt0.o(.constdata)
    x$fpl$usenofp                            0x08006784   Section        0  usenofp.o(x$fpl$usenofp)
    tenpwrs_i                                0x080067c0   Data          64  bigflt0.o(.constdata)
    .constdata                               0x08006818   Section        4  sys_io_names.o(.constdata)
    .constdata                               0x0800681c   Section        4  sys_io_names.o(.constdata)
    .constdata                               0x08006820   Section        4  sys_io_names.o(.constdata)
    Font6x8                                  0x0800683c   Data        1520  ssd1306_fonts.o(.rodata.Font6x8)
    [Anonymous Symbol]                       0x0800683c   Section        0  ssd1306_fonts.o(.rodata.Font6x8)
    [Anonymous Symbol]                       0x08006e44   Section        0  stm32l0xx_hal_uart.o(.rodata.cst16)
    locale$$data                             0x08006e74   Section       28  lc_numeric_c.o(locale$$data)
    __lcnum_c_name                           0x08006e78   Data           2  lc_numeric_c.o(locale$$data)
    __lcnum_c_start                          0x08006e80   Data           0  lc_numeric_c.o(locale$$data)
    __lcnum_c_point                          0x08006e8c   Data           0  lc_numeric_c.o(locale$$data)
    __lcnum_c_thousands                      0x08006e8e   Data           0  lc_numeric_c.o(locale$$data)
    __lcnum_c_grouping                       0x08006e8f   Data           0  lc_numeric_c.o(locale$$data)
    __lcnum_c_end                            0x08006e90   Data           0  lc_numeric_c.o(locale$$data)
    .data                                    0x20000000   Section        4  stdio_streams.o(.data)
    .data                                    0x20000004   Section        4  stdio_streams.o(.data)
    .data                                    0x20000008   Section        4  stdio_streams.o(.data)
    [Anonymous Symbol]                       0x2000000c   Section        0  stm32l0xx_hal.o(.data..L_MergedGlobals)
    .bss                                     0x20000018   Section       84  stdio_streams.o(.bss)
    .bss                                     0x2000006c   Section       84  stdio_streams.o(.bss)
    .bss                                     0x200000c0   Section       84  stdio_streams.o(.bss)
    .bss                                     0x20000114   Section       96  libspace.o(.bss)
    [Anonymous Symbol]                       0x20000174   Section        0  main.o(.bss..L_MergedGlobals)
    save_data.buffer_index                   0x20000175   Data           1  main.o(.bss..L_MergedGlobals)
    SSD1306.3                                0x200001e0   Data           1  ssd1306.o(.bss..L_MergedGlobals)
    [Anonymous Symbol]                       0x200001e0   Section        0  ssd1306.o(.bss..L_MergedGlobals)
    SSD1306.0                                0x200001e2   Data           2  ssd1306.o(.bss..L_MergedGlobals)
    SSD1306.1                                0x200001e4   Data           2  ssd1306.o(.bss..L_MergedGlobals)
    SSD1306_Buffer                           0x200001e8   Data         512  ssd1306.o(.bss.SSD1306_Buffer)
    [Anonymous Symbol]                       0x200001e8   Section        0  ssd1306.o(.bss.SSD1306_Buffer)
    Heap_Mem                                 0x200005a8   Data         512  startup_stm32l073xx.o(HEAP)
    HEAP                                     0x200005a8   Section      512  startup_stm32l073xx.o(HEAP)
    Stack_Mem                                0x200007a8   Data        1024  startup_stm32l073xx.o(STACK)
    STACK                                    0x200007a8   Section     1024  startup_stm32l073xx.o(STACK)
    __initial_sp                             0x20000ba8   Data           0  startup_stm32l073xx.o(STACK)

    Global Symbols

    Symbol Name                              Value     Ov Type        Size  Object(Section)

    BuildAttributes$$THM_ISAv3M$S$PE$A:L22$X:L11$S22$IEEE1$IW$~IW$USESV6$~STKCKD$USESV7$~SHL$OTIME$ROPI$IEEEX$EBA8$UX$STANDARDLIB$REQ8$PRES8$EABIv2 0x00000000   Number         0  anon$$obj.o ABSOLUTE
    _printf_flags                            0x00000000   Number         0  printf_stubs.o ABSOLUTE
    _printf_return_value                     0x00000000   Number         0  printf_stubs.o ABSOLUTE
    _printf_sizespec                         0x00000000   Number         0  printf_stubs.o ABSOLUTE
    _printf_widthprec                        0x00000000   Number         0  printf_stubs.o ABSOLUTE
    __ARM_exceptions_init                     - Undefined Weak Reference
    __alloca_initialize                       - Undefined Weak Reference
    __arm_preinit_                            - Undefined Weak Reference
    __arm_relocate_pie_                       - Undefined Weak Reference
    __cpp_initialize__aeabi_                  - Undefined Weak Reference
    __cxa_finalize                            - Undefined Weak Reference
    __sigvec_lookup                           - Undefined Weak Reference
    __user_heap_extent                        - Undefined Weak Reference
    _atexit_init                              - Undefined Weak Reference
    _call_atexit_fns                          - Undefined Weak Reference
    _clock_init                               - Undefined Weak Reference
    _fp_trap_init                             - Undefined Weak Reference
    _fp_trap_shutdown                         - Undefined Weak Reference
    _get_lc_collate                           - Undefined Weak Reference
    _get_lc_ctype                             - Undefined Weak Reference
    _get_lc_monetary                          - Undefined Weak Reference
    _get_lc_time                              - Undefined Weak Reference
    _getenv_init                              - Undefined Weak Reference
    _handle_redirection                       - Undefined Weak Reference
    _mutex_acquire                            - Undefined Weak Reference
    _mutex_free                               - Undefined Weak Reference
    _mutex_release                            - Undefined Weak Reference
    _printf_post_padding                      - Undefined Weak Reference
    _printf_pre_padding                       - Undefined Weak Reference
    _rand_init                                - Undefined Weak Reference
    _signal_finish                            - Undefined Weak Reference
    _signal_init                              - Undefined Weak Reference
    __Vectors_Size                           0x000000c0   Number         0  startup_stm32l073xx.o ABSOLUTE
    __Vectors                                0x08000000   Data           4  startup_stm32l073xx.o(RESET)
    __Vectors_End                            0x080000c0   Data           0  startup_stm32l073xx.o(RESET)
    __main                                   0x080000c1   Thumb Code     8  __main.o(!!!main)
    __scatterload                            0x080000c9   Thumb Code     0  __scatter.o(!!!scatter)
    __scatterload_rt2                        0x080000c9   Thumb Code    74  __scatter.o(!!!scatter)
    __scatterload_rt2_thumb_only             0x080000c9   Thumb Code     0  __scatter.o(!!!scatter)
    __scatterload_loop                       0x080000d3   Thumb Code     0  __scatter.o(!!!scatter)
    __scatterload_copy                       0x0800011d   Thumb Code    26  __scatter_copy.o(!!handler_copy)
    __scatterload_null                       0x08000139   Thumb Code     2  __scatter.o(!!handler_null)
    __scatterload_zeroinit                   0x0800013d   Thumb Code    28  __scatter_zi.o(!!handler_zi)
    _printf_percent                          0x08000159   Thumb Code     0  _printf_percent.o(.ARM.Collect$$_printf_percent$$00000000)
    _printf_f                                0x0800015b   Thumb Code     0  _printf_f.o(.ARM.Collect$$_printf_percent$$00000003)
    _printf_percent_end                      0x08000165   Thumb Code     0  _printf_percent_end.o(.ARM.Collect$$_printf_percent$$00000017)
    __rt_lib_init                            0x08000169   Thumb Code     0  libinit.o(.ARM.Collect$$libinit$$00000000)
    __rt_lib_init_fp_1                       0x0800016b   Thumb Code     0  libinit2.o(.ARM.Collect$$libinit$$00000002)
    __rt_lib_init_heap_2                     0x0800016b   Thumb Code     0  libinit2.o(.ARM.Collect$$libinit$$00000007)
    __rt_lib_init_preinit_1                  0x0800016b   Thumb Code     0  libinit2.o(.ARM.Collect$$libinit$$00000006)
    __rt_lib_init_relocate_pie_1             0x0800016b   Thumb Code     0  libinit2.o(.ARM.Collect$$libinit$$00000004)
    __rt_lib_init_heap_1                     0x08000173   Thumb Code     0  libinit2.o(.ARM.Collect$$libinit$$0000000C)
    __rt_lib_init_lc_common                  0x08000173   Thumb Code     0  libinit2.o(.ARM.Collect$$libinit$$00000011)
    __rt_lib_init_rand_1                     0x08000173   Thumb Code     0  libinit2.o(.ARM.Collect$$libinit$$00000010)
    __rt_lib_init_user_alloc_1               0x08000173   Thumb Code     0  libinit2.o(.ARM.Collect$$libinit$$0000000E)
    __rt_lib_init_lc_collate_1               0x08000179   Thumb Code     0  libinit2.o(.ARM.Collect$$libinit$$00000013)
    __rt_lib_init_lc_ctype_1                 0x08000179   Thumb Code     0  libinit2.o(.ARM.Collect$$libinit$$00000015)
    __rt_lib_init_lc_monetary_1              0x08000179   Thumb Code     0  libinit2.o(.ARM.Collect$$libinit$$00000017)
    __rt_lib_init_lc_numeric_2               0x08000179   Thumb Code     0  libinit2.o(.ARM.Collect$$libinit$$00000018)
    __rt_lib_init_atexit_1                   0x08000183   Thumb Code     0  libinit2.o(.ARM.Collect$$libinit$$0000001D)
    __rt_lib_init_clock_1                    0x08000183   Thumb Code     0  libinit2.o(.ARM.Collect$$libinit$$00000023)
    __rt_lib_init_fp_trap_1                  0x08000183   Thumb Code     0  libinit2.o(.ARM.Collect$$libinit$$00000021)
    __rt_lib_init_getenv_1                   0x08000183   Thumb Code     0  libinit2.o(.ARM.Collect$$libinit$$00000025)
    __rt_lib_init_lc_numeric_1               0x08000183   Thumb Code     0  libinit2.o(.ARM.Collect$$libinit$$00000019)
    __rt_lib_init_lc_time_1                  0x08000183   Thumb Code     0  libinit2.o(.ARM.Collect$$libinit$$0000001B)
    __rt_lib_init_signal_1                   0x08000183   Thumb Code     0  libinit2.o(.ARM.Collect$$libinit$$0000001F)
    __rt_lib_init_stdio_2                    0x08000183   Thumb Code     0  libinit2.o(.ARM.Collect$$libinit$$00000026)
    __rt_lib_init_alloca_1                   0x08000187   Thumb Code     0  libinit2.o(.ARM.Collect$$libinit$$00000030)
    __rt_lib_init_argv_1                     0x08000187   Thumb Code     0  libinit2.o(.ARM.Collect$$libinit$$0000002E)
    __rt_lib_init_cpp_1                      0x08000187   Thumb Code     0  libinit2.o(.ARM.Collect$$libinit$$00000034)
    __rt_lib_init_exceptions_1               0x08000187   Thumb Code     0  libinit2.o(.ARM.Collect$$libinit$$00000032)
    __rt_lib_init_return                     0x08000187   Thumb Code     0  libinit2.o(.ARM.Collect$$libinit$$00000035)
    __rt_lib_init_stdio_1                    0x08000187   Thumb Code     0  libinit2.o(.ARM.Collect$$libinit$$00000027)
    __rt_lib_shutdown                        0x08000189   Thumb Code     0  libshutdown.o(.ARM.Collect$$libshutdown$$00000000)
    __rt_lib_shutdown_cpp_1                  0x0800018b   Thumb Code     0  libshutdown2.o(.ARM.Collect$$libshutdown$$00000002)
    __rt_lib_shutdown_stdio_2                0x0800018b   Thumb Code     0  libshutdown2.o(.ARM.Collect$$libshutdown$$00000003)
    __rt_lib_shutdown_fp_trap_1              0x0800018f   Thumb Code     0  libshutdown2.o(.ARM.Collect$$libshutdown$$00000007)
    __rt_lib_shutdown_heap_1                 0x0800018f   Thumb Code     0  libshutdown2.o(.ARM.Collect$$libshutdown$$0000000F)
    __rt_lib_shutdown_return                 0x0800018f   Thumb Code     0  libshutdown2.o(.ARM.Collect$$libshutdown$$00000010)
    __rt_lib_shutdown_signal_1               0x0800018f   Thumb Code     0  libshutdown2.o(.ARM.Collect$$libshutdown$$0000000A)
    __rt_lib_shutdown_stdio_1                0x0800018f   Thumb Code     0  libshutdown2.o(.ARM.Collect$$libshutdown$$00000004)
    __rt_lib_shutdown_user_alloc_1           0x0800018f   Thumb Code     0  libshutdown2.o(.ARM.Collect$$libshutdown$$0000000C)
    __rt_entry                               0x08000191   Thumb Code     0  __rtentry.o(.ARM.Collect$$rtentry$$00000000)
    __rt_entry_presh_1                       0x08000191   Thumb Code     0  __rtentry2.o(.ARM.Collect$$rtentry$$00000002)
    __rt_entry_sh                            0x08000191   Thumb Code     0  __rtentry4.o(.ARM.Collect$$rtentry$$00000004)
    __rt_entry_li                            0x08000197   Thumb Code     0  __rtentry2.o(.ARM.Collect$$rtentry$$0000000A)
    __rt_entry_postsh_1                      0x08000197   Thumb Code     0  __rtentry2.o(.ARM.Collect$$rtentry$$00000009)
    __rt_entry_main                          0x0800019b   Thumb Code     0  __rtentry2.o(.ARM.Collect$$rtentry$$0000000D)
    __rt_entry_postli_1                      0x0800019b   Thumb Code     0  __rtentry2.o(.ARM.Collect$$rtentry$$0000000C)
    __rt_exit                                0x080001a3   Thumb Code     0  rtexit.o(.ARM.Collect$$rtexit$$00000000)
    __rt_exit_ls                             0x080001a5   Thumb Code     0  rtexit2.o(.ARM.Collect$$rtexit$$00000003)
    __rt_exit_prels_1                        0x080001a5   Thumb Code     0  rtexit2.o(.ARM.Collect$$rtexit$$00000002)
    __rt_exit_exit                           0x080001a9   Thumb Code     0  rtexit2.o(.ARM.Collect$$rtexit$$00000004)
    Reset_Handler                            0x080001b1   Thumb Code     8  startup_stm32l073xx.o(.text)
    ADC1_COMP_IRQHandler                     0x080001c3   Thumb Code     0  startup_stm32l073xx.o(.text)
    DMA1_Channel1_IRQHandler                 0x080001c3   Thumb Code     0  startup_stm32l073xx.o(.text)
    DMA1_Channel2_3_IRQHandler               0x080001c3   Thumb Code     0  startup_stm32l073xx.o(.text)
    DMA1_Channel4_5_6_7_IRQHandler           0x080001c3   Thumb Code     0  startup_stm32l073xx.o(.text)
    EXTI0_1_IRQHandler                       0x080001c3   Thumb Code     0  startup_stm32l073xx.o(.text)
    EXTI2_3_IRQHandler                       0x080001c3   Thumb Code     0  startup_stm32l073xx.o(.text)
    EXTI4_15_IRQHandler                      0x080001c3   Thumb Code     0  startup_stm32l073xx.o(.text)
    FLASH_IRQHandler                         0x080001c3   Thumb Code     0  startup_stm32l073xx.o(.text)
    I2C2_IRQHandler                          0x080001c3   Thumb Code     0  startup_stm32l073xx.o(.text)
    I2C3_IRQHandler                          0x080001c3   Thumb Code     0  startup_stm32l073xx.o(.text)
    LCD_IRQHandler                           0x080001c3   Thumb Code     0  startup_stm32l073xx.o(.text)
    LPTIM1_IRQHandler                        0x080001c3   Thumb Code     0  startup_stm32l073xx.o(.text)
    PVD_IRQHandler                           0x080001c3   Thumb Code     0  startup_stm32l073xx.o(.text)
    RCC_CRS_IRQHandler                       0x080001c3   Thumb Code     0  startup_stm32l073xx.o(.text)
    RNG_LPUART1_IRQHandler                   0x080001c3   Thumb Code     0  startup_stm32l073xx.o(.text)
    RTC_IRQHandler                           0x080001c3   Thumb Code     0  startup_stm32l073xx.o(.text)
    SPI1_IRQHandler                          0x080001c3   Thumb Code     0  startup_stm32l073xx.o(.text)
    SPI2_IRQHandler                          0x080001c3   Thumb Code     0  startup_stm32l073xx.o(.text)
    TIM21_IRQHandler                         0x080001c3   Thumb Code     0  startup_stm32l073xx.o(.text)
    TIM22_IRQHandler                         0x080001c3   Thumb Code     0  startup_stm32l073xx.o(.text)
    TIM3_IRQHandler                          0x080001c3   Thumb Code     0  startup_stm32l073xx.o(.text)
    TIM6_DAC_IRQHandler                      0x080001c3   Thumb Code     0  startup_stm32l073xx.o(.text)
    TIM7_IRQHandler                          0x080001c3   Thumb Code     0  startup_stm32l073xx.o(.text)
    TSC_IRQHandler                           0x080001c3   Thumb Code     0  startup_stm32l073xx.o(.text)
    USART1_IRQHandler                        0x080001c3   Thumb Code     0  startup_stm32l073xx.o(.text)
    USART2_IRQHandler                        0x080001c3   Thumb Code     0  startup_stm32l073xx.o(.text)
    USB_IRQHandler                           0x080001c3   Thumb Code     0  startup_stm32l073xx.o(.text)
    WWDG_IRQHandler                          0x080001c3   Thumb Code     0  startup_stm32l073xx.o(.text)
    __user_initial_stackheap                 0x080001c5   Thumb Code     0  startup_stm32l073xx.o(.text)
    __aeabi_uldivmod                         0x080001e9   Thumb Code   272  lludiv.o(.text)
    _ll_udiv                                 0x080001e9   Thumb Code     0  lludiv.o(.text)
    __2sprintf                               0x080002f9   Thumb Code    36  noretval__2sprintf.o(.text)
    __printf                                 0x08000321   Thumb Code   270  __printf_wp.o(.text)
    puts                                     0x08000431   Thumb Code    38  puts.o(.text)
    strlen                                   0x0800045d   Thumb Code    62  strlen.o(.text)
    _memset_w                                0x080004a1   Thumb Code    26  rt_memclr.o(.text)
    _memset                                  0x080004bb   Thumb Code    30  rt_memclr.o(.text)
    __aeabi_memclr                           0x080004d9   Thumb Code     4  rt_memclr.o(.text)
    __rt_memclr                              0x080004d9   Thumb Code     0  rt_memclr.o(.text)
    __aeabi_memclr4                          0x080004dd   Thumb Code     0  rt_memclr.o(.text)
    __aeabi_memclr8                          0x080004dd   Thumb Code     0  rt_memclr.o(.text)
    __rt_memclr_w                            0x080004dd   Thumb Code     4  rt_memclr.o(.text)
    __aeabi_uidivmod                         0x080004e1   Thumb Code    28  aeabi_sdivfast.o(.text)
    __aeabi_idivmod                          0x080004fd   Thumb Code   472  aeabi_sdivfast.o(.text)
    __use_two_region_memory                  0x080006d9   Thumb Code     2  heapauxi.o(.text)
    __rt_heap_escrow                         0x080006db   Thumb Code     2  heapauxi.o(.text)
    __rt_heap_expand                         0x080006dd   Thumb Code     2  heapauxi.o(.text)
    __aeabi_d2f                              0x080006e1   Thumb Code     0  d2f.o(.text)
    _d2f                                     0x080006e1   Thumb Code   120  d2f.o(.text)
    __aeabi_dadd                             0x08000a55   Thumb Code     0  daddsub.o(.text)
    _dadd                                    0x08000a55   Thumb Code    26  daddsub.o(.text)
    __aeabi_dsub                             0x08000a6f   Thumb Code     0  daddsub.o(.text)
    _dsub                                    0x08000a6f   Thumb Code    22  daddsub.o(.text)
    __aeabi_drsub                            0x08000a85   Thumb Code     0  daddsub.o(.text)
    _drsb                                    0x08000a85   Thumb Code    28  daddsub.o(.text)
    __aeabi_i2d_normalise                    0x08000ab5   Thumb Code    66  dflti.o(.text)
    __aeabi_i2d                              0x08000af7   Thumb Code    16  dflti.o(.text)
    _dflt                                    0x08000af7   Thumb Code     0  dflti.o(.text)
    __aeabi_ui2d                             0x08000b07   Thumb Code     6  dflti.o(.text)
    _dfltu                                   0x08000b07   Thumb Code     0  dflti.o(.text)
    __aeabi_dmul                             0x08000b0d   Thumb Code     0  dmul.o(.text)
    _dmul                                    0x08000b0d   Thumb Code   558  dmul.o(.text)
    __aeabi_f2d                              0x08000d55   Thumb Code     0  f2d.o(.text)
    _f2d                                     0x08000d55   Thumb Code    80  f2d.o(.text)
    __read_errno                             0x08000da9   Thumb Code    10  _rserrno.o(.text)
    __set_errno                              0x08000db3   Thumb Code    12  _rserrno.o(.text)
    _printf_fp_dec_real                      0x08000f5d   Thumb Code   620  _printf_fp_dec.o(.text)
    _printf_char_common                      0x080011df   Thumb Code    32  _printf_char_common.o(.text)
    _sputc                                   0x08001205   Thumb Code    10  _sputc.o(.text)
    _fsqrt                                   0x08001211   Thumb Code   140  fsqrt.o(.text)
    __rt_locale                              0x080012a1   Thumb Code     8  rt_locale_intlibspace.o(.text)
    __aeabi_errno_addr                       0x080012a9   Thumb Code     8  rt_errno_addr_intlibspace.o(.text)
    __errno$intlibspace                      0x080012a9   Thumb Code     0  rt_errno_addr_intlibspace.o(.text)
    __rt_errno_addr$intlibspace              0x080012a9   Thumb Code     0  rt_errno_addr_intlibspace.o(.text)
    _ll_udiv10                               0x080012b1   Thumb Code   122  lludiv10.o(.text)
    _printf_fp_infnan                        0x0800132d   Thumb Code   120  _printf_fp_infnan.o(.text)
    _btod_etento                             0x080013b5   Thumb Code   210  bigflt0.o(.text)
    _btod_d2e                                0x0800148d   Thumb Code    64  btod.o(.text)
    _btod_emul                               0x080018c1   Thumb Code    28  btod.o(.text)
    _btod_emuld                              0x080018dd   Thumb Code   144  btod.o(.text)
    _btod_ediv                               0x0800196d   Thumb Code    26  btod.o(.text)
    _btod_edivd                              0x08001987   Thumb Code   124  btod.o(.text)
    __flsbuf                                 0x08001a0d   Thumb Code   490  flsbuf.o(.text)
    __flsbuf_byte                            0x08001a0d   Thumb Code     0  flsbuf.o(.text)
    __flsbuf_wide                            0x08001a0d   Thumb Code     0  flsbuf.o(.text)
    _initio                                  0x08001c01   Thumb Code   216  initio.o(.text)
    _terminateio                             0x08001cd9   Thumb Code    56  initio.o(.text)
    __rt_udiv10                              0x08001d3d   Thumb Code    40  rtudiv10.o(.text)
    _sys_open                                0x08001d65   Thumb Code    20  sys_io.o(.text)
    _sys_close                               0x08001d79   Thumb Code    12  sys_io.o(.text)
    _sys_write                               0x08001d85   Thumb Code    16  sys_io.o(.text)
    _sys_read                                0x08001d95   Thumb Code    14  sys_io.o(.text)
    _sys_istty                               0x08001da3   Thumb Code    12  sys_io.o(.text)
    _sys_seek                                0x08001daf   Thumb Code    14  sys_io.o(.text)
    _sys_ensure                              0x08001dbd   Thumb Code     2  sys_io.o(.text)
    _sys_flen                                0x08001dbf   Thumb Code    12  sys_io.o(.text)
    __user_libspace                          0x08001dcd   Thumb Code     8  libspace.o(.text)
    __user_perproc_libspace                  0x08001dcd   Thumb Code     0  libspace.o(.text)
    __user_perthread_libspace                0x08001dcd   Thumb Code     0  libspace.o(.text)
    __user_setup_stackheap                   0x08001dd5   Thumb Code    62  sys_stackheap_outer.o(.text)
    malloc                                   0x08001e13   Thumb Code    98  h1_alloc.o(.text)
    free                                     0x08001e75   Thumb Code    76  h1_free.o(.text)
    setvbuf                                  0x08001ec1   Thumb Code    72  setvbuf.o(.text)
    _seterr                                  0x08001f0d   Thumb Code    20  stdio.o(.text)
    _writebuf                                0x08001f21   Thumb Code    98  stdio.o(.text)
    _fflush                                  0x08001f83   Thumb Code    76  stdio.o(.text)
    _deferredlazyseek                        0x08001fcf   Thumb Code    60  stdio.o(.text)
    freopen                                  0x08002019   Thumb Code   154  fopen.o(.text)
    fopen                                    0x080020b3   Thumb Code    76  fopen.o(.text)
    _fclose_internal                         0x08002109   Thumb Code    72  fclose.o(.text)
    fclose                                   0x08002109   Thumb Code     0  fclose.o(.text)
    exit                                     0x08002151   Thumb Code    16  exit.o(.text)
    __rt_SIGRTRED                            0x08002161   Thumb Code    12  defsig_rtred_outer.o(.text)
    strcmp                                   0x0800216d   Thumb Code   176  strcmpv6m.o(.text)
    __I$use$semihosting                      0x0800221d   Thumb Code     0  use_no_semi.o(.text)
    __use_no_semihosting_swi                 0x0800221d   Thumb Code     2  use_no_semi.o(.text)
    __semihosting_library_function           0x0800221f   Thumb Code     0  indicate_semi.o(.text)
    __rt_heap_descriptor                     0x08002221   Thumb Code     8  rt_heap_descriptor_intlibspace.o(.text)
    __use_no_heap                            0x08002229   Thumb Code     2  hguard.o(.text)
    __heap$guard                             0x0800222b   Thumb Code     2  hguard.o(.text)
    _terminate_user_alloc                    0x0800222d   Thumb Code     2  init_alloc.o(.text)
    _init_user_alloc                         0x0800222f   Thumb Code     2  init_alloc.o(.text)
    __Heap_Full                              0x08002231   Thumb Code    32  init_alloc.o(.text)
    __Heap_Broken                            0x08002251   Thumb Code    10  init_alloc.o(.text)
    _init_alloc                              0x0800225b   Thumb Code    90  init_alloc.o(.text)
    __Heap_Initialize                        0x080022b5   Thumb Code     8  h1_init.o(.text)
    __Heap_DescSize                          0x080022bd   Thumb Code     4  h1_init.o(.text)
    _fseek                                   0x080022c1   Thumb Code   240  fseek.o(.text)
    fseek                                    0x080022c1   Thumb Code     0  fseek.o(.text)
    __sig_exit                               0x080023b5   Thumb Code    12  defsig_exit.o(.text)
    __rt_SIGRTRED_inner                      0x080023c1   Thumb Code    14  defsig_rtred_inner.o(.text)
    _sys_exit                                0x080023f5   Thumb Code     8  sys_exit.o(.text)
    __Heap_ProvideMemory                     0x08002401   Thumb Code    52  h1_extend.o(.text)
    _maybe_terminate_alloc                   0x08002401   Thumb Code     0  maybetermalloc1.o(.text)
    _ftell_internal                          0x08002435   Thumb Code    66  ftell.o(.text)
    ftell                                    0x08002435   Thumb Code     0  ftell.o(.text)
    __default_signal_display                 0x08002477   Thumb Code    52  defsig_general.o(.text)
    __rt_SIGRTMEM                            0x080024ab   Thumb Code    12  defsig_rtmem_outer.o(.text)
    _ttywrch                                 0x080024b7   Thumb Code    12  sys_wrch.o(.text)
    __rt_SIGRTMEM_inner                      0x080024c5   Thumb Code    22  defsig_rtmem_inner.o(.text)
    HAL_DMA_Abort                            0x08002515   Thumb Code    66  stm32l0xx_hal_dma.o(.text.HAL_DMA_Abort)
    HAL_DMA_Abort_IT                         0x08002557   Thumb Code    70  stm32l0xx_hal_dma.o(.text.HAL_DMA_Abort_IT)
    HAL_DMA_GetState                         0x0800259d   Thumb Code     6  stm32l0xx_hal_dma.o(.text.HAL_DMA_GetState)
    HAL_Delay                                0x080025a5   Thumb Code    32  stm32l0xx_hal.o(.text.HAL_Delay)
    HAL_GPIO_Init                            0x080025c9   Thumb Code   380  stm32l0xx_hal_gpio.o(.text.HAL_GPIO_Init)
    HAL_GPIO_TogglePin                       0x08002755   Thumb Code    16  stm32l0xx_hal_gpio.o(.text.HAL_GPIO_TogglePin)
    HAL_GPIO_WritePin                        0x08002765   Thumb Code    16  stm32l0xx_hal_gpio.o(.text.HAL_GPIO_WritePin)
    HAL_GetTick                              0x08002775   Thumb Code     8  stm32l0xx_hal.o(.text.HAL_GetTick)
    HAL_I2CEx_ConfigAnalogFilter             0x08002781   Thumb Code    66  stm32l0xx_hal_i2c_ex.o(.text.HAL_I2CEx_ConfigAnalogFilter)
    HAL_I2CEx_ConfigDigitalFilter            0x080027c3   Thumb Code    66  stm32l0xx_hal_i2c_ex.o(.text.HAL_I2CEx_ConfigDigitalFilter)
    HAL_I2C_AbortCpltCallback                0x08002805   Thumb Code     2  stm32l0xx_hal_i2c.o(.text.HAL_I2C_AbortCpltCallback)
    HAL_I2C_AddrCallback                     0x08002807   Thumb Code     2  stm32l0xx_hal_i2c.o(.text.HAL_I2C_AddrCallback)
    HAL_I2C_ER_IRQHandler                    0x08002809   Thumb Code   130  stm32l0xx_hal_i2c.o(.text.HAL_I2C_ER_IRQHandler)
    HAL_I2C_EV_IRQHandler                    0x0800288b   Thumb Code    18  stm32l0xx_hal_i2c.o(.text.HAL_I2C_EV_IRQHandler)
    HAL_I2C_ErrorCallback                    0x0800289d   Thumb Code     2  stm32l0xx_hal_i2c.o(.text.HAL_I2C_ErrorCallback)
    HAL_I2C_Init                             0x080028a1   Thumb Code   160  stm32l0xx_hal_i2c.o(.text.HAL_I2C_Init)
    HAL_I2C_ListenCpltCallback               0x08002949   Thumb Code     2  stm32l0xx_hal_i2c.o(.text.HAL_I2C_ListenCpltCallback)
    HAL_I2C_Master_Transmit                  0x0800294d   Thumb Code   384  stm32l0xx_hal_i2c.o(.text.HAL_I2C_Master_Transmit)
    HAL_I2C_Mem_Read                         0x08002ad5   Thumb Code   528  stm32l0xx_hal_i2c.o(.text.HAL_I2C_Mem_Read)
    HAL_I2C_Mem_Write                        0x08002d01   Thumb Code   524  stm32l0xx_hal_i2c.o(.text.HAL_I2C_Mem_Write)
    HAL_I2C_MspInit                          0x08002f25   Thumb Code    96  stm32l0xx_hal_msp.o(.text.HAL_I2C_MspInit)
    HAL_I2C_SlaveRxCpltCallback              0x08002f91   Thumb Code     2  stm32l0xx_hal_i2c.o(.text.HAL_I2C_SlaveRxCpltCallback)
    HAL_I2C_SlaveTxCpltCallback              0x08002f93   Thumb Code     2  stm32l0xx_hal_i2c.o(.text.HAL_I2C_SlaveTxCpltCallback)
    HAL_IncTick                              0x08002f95   Thumb Code    16  stm32l0xx_hal.o(.text.HAL_IncTick)
    HAL_Init                                 0x08002fa9   Thumb Code    36  stm32l0xx_hal.o(.text.HAL_Init)
    HAL_InitTick                             0x08002fd1   Thumb Code    60  stm32l0xx_hal.o(.text.HAL_InitTick)
    HAL_MspInit                              0x08003015   Thumb Code    20  stm32l0xx_hal_msp.o(.text.HAL_MspInit)
    HAL_NVIC_EnableIRQ                       0x0800302d   Thumb Code    20  stm32l0xx_hal_cortex.o(.text.HAL_NVIC_EnableIRQ)
    HAL_NVIC_SetPriority                     0x08003045   Thumb Code    48  stm32l0xx_hal_cortex.o(.text.HAL_NVIC_SetPriority)
    HAL_RCCEx_PeriphCLKConfig                0x0800307d   Thumb Code   560  stm32l0xx_hal_rcc_ex.o(.text.HAL_RCCEx_PeriphCLKConfig)
    HAL_RCC_ClockConfig                      0x080032b5   Thumb Code   536  stm32l0xx_hal_rcc.o(.text.HAL_RCC_ClockConfig)
    HAL_RCC_GetPCLK1Freq                     0x080034dd   Thumb Code    20  stm32l0xx_hal_rcc.o(.text.HAL_RCC_GetPCLK1Freq)
    HAL_RCC_GetPCLK2Freq                     0x080034f1   Thumb Code    20  stm32l0xx_hal_rcc.o(.text.HAL_RCC_GetPCLK2Freq)
    HAL_RCC_GetSysClockFreq                  0x08003511   Thumb Code   100  stm32l0xx_hal_rcc.o(.text.HAL_RCC_GetSysClockFreq)
    HAL_RCC_OscConfig                        0x08003585   Thumb Code  1388  stm32l0xx_hal_rcc.o(.text.HAL_RCC_OscConfig)
    HAL_SYSTICK_Config                       0x08003b19   Thumb Code    40  stm32l0xx_hal_cortex.o(.text.HAL_SYSTICK_Config)
    HAL_TIMEx_MasterConfigSynchronization    0x08003b4d   Thumb Code    92  stm32l0xx_hal_tim_ex.o(.text.HAL_TIMEx_MasterConfigSynchronization)
    HAL_TIM_Base_Init                        0x08003ba9   Thumb Code   180  stm32l0xx_hal_tim.o(.text.HAL_TIM_Base_Init)
    HAL_TIM_Base_MspInit                     0x08003c5d   Thumb Code    44  stm32l0xx_hal_msp.o(.text.HAL_TIM_Base_MspInit)
    HAL_TIM_Base_Start_IT                    0x08003c8d   Thumb Code    84  stm32l0xx_hal_tim.o(.text.HAL_TIM_Base_Start_IT)
    HAL_TIM_ConfigClockSource                0x08003cf1   Thumb Code   344  stm32l0xx_hal_tim.o(.text.HAL_TIM_ConfigClockSource)
    HAL_TIM_IC_CaptureCallback               0x08003e4d   Thumb Code     2  stm32l0xx_hal_tim.o(.text.HAL_TIM_IC_CaptureCallback)
    HAL_TIM_IRQHandler                       0x08003e4f   Thumb Code   278  stm32l0xx_hal_tim.o(.text.HAL_TIM_IRQHandler)
    HAL_TIM_OC_DelayElapsedCallback          0x08003f65   Thumb Code     2  stm32l0xx_hal_tim.o(.text.HAL_TIM_OC_DelayElapsedCallback)
    HAL_TIM_PWM_PulseFinishedCallback        0x08003f67   Thumb Code     2  stm32l0xx_hal_tim.o(.text.HAL_TIM_PWM_PulseFinishedCallback)
    HAL_TIM_PeriodElapsedCallback            0x08003f69   Thumb Code    48  main.o(.text.HAL_TIM_PeriodElapsedCallback)
    HAL_TIM_TriggerCallback                  0x08003f9d   Thumb Code     2  stm32l0xx_hal_tim.o(.text.HAL_TIM_TriggerCallback)
    HAL_UARTEx_RxEventCallback               0x08003f9f   Thumb Code     2  stm32l0xx_hal_uart.o(.text.HAL_UARTEx_RxEventCallback)
    HAL_UARTEx_WakeupCallback                0x08003fa1   Thumb Code     2  stm32l0xx_hal_uart_ex.o(.text.HAL_UARTEx_WakeupCallback)
    HAL_UART_ErrorCallback                   0x08003fa5   Thumb Code    32  main.o(.text.HAL_UART_ErrorCallback)
    HAL_UART_IRQHandler                      0x08003fe1   Thumb Code   984  stm32l0xx_hal_uart.o(.text.HAL_UART_IRQHandler)
    HAL_UART_Init                            0x080043c5   Thumb Code   110  stm32l0xx_hal_uart.o(.text.HAL_UART_Init)
    HAL_UART_MspInit                         0x08004435   Thumb Code    92  stm32l0xx_hal_msp.o(.text.HAL_UART_MspInit)
    HAL_UART_Transmit_IT                     0x08004495   Thumb Code   108  stm32l0xx_hal_uart.o(.text.HAL_UART_Transmit_IT)
    HAL_UART_TxCpltCallback                  0x08004509   Thumb Code    20  main.o(.text.HAL_UART_TxCpltCallback)
    HardFault_Handler                        0x0800453d   Thumb Code     2  stm32l0xx_it.o(.text.HardFault_Handler)
    I2C1_IRQHandler                          0x08004541   Thumb Code    32  stm32l0xx_it.o(.text.I2C1_IRQHandler)
    NMI_Handler                              0x08005003   Thumb Code     2  stm32l0xx_it.o(.text.NMI_Handler)
    PendSV_Handler                           0x08005005   Thumb Code     2  stm32l0xx_it.o(.text.PendSV_Handler)
    SVC_Handler                              0x08005007   Thumb Code     2  stm32l0xx_it.o(.text.SVC_Handler)
    SysTick_Handler                          0x08005009   Thumb Code     8  stm32l0xx_it.o(.text.SysTick_Handler)
    SystemInit                               0x08005011   Thumb Code     2  system_stm32l0xx.o(.text.SystemInit)
    TIM2_IRQHandler                          0x08005015   Thumb Code    12  stm32l0xx_it.o(.text.TIM2_IRQHandler)
    UART_AdvFeatureConfig                    0x08005025   Thumb Code   210  stm32l0xx_hal_uart.o(.text.UART_AdvFeatureConfig)
    UART_CheckIdleState                      0x080050f9   Thumb Code   192  stm32l0xx_hal_uart.o(.text.UART_CheckIdleState)
    UART_SetConfig                           0x080051d5   Thumb Code   484  stm32l0xx_hal_uart.o(.text.UART_SetConfig)
    UART_WaitOnFlagUntilTimeout              0x080054b9   Thumb Code   418  stm32l0xx_hal_uart.o(.text.UART_WaitOnFlagUntilTimeout)
    USART4_5_IRQHandler                      0x0800565d   Thumb Code    12  stm32l0xx_it.o(.text.USART4_5_IRQHandler)
    calculate_rms                            0x08005669   Thumb Code   364  main.o(.text.calculate_rms)
    dataUART                                 0x080057dd   Thumb Code   120  main.o(.text.dataUART)
    display_rms                              0x08005885   Thumb Code   168  main.o(.text.display_rms)
    main                                     0x08005959   Thumb Code   576  main.o(.text.main)
    read_ADXL_data                           0x08005bb9   Thumb Code   160  main.o(.text.read_ADXL_data)
    ssd1306_Init                             0x08005c71   Thumb Code   660  ssd1306.o(.text.ssd1306_Init)
    ssd1306_SetCursor                        0x08005f09   Thumb Code     8  ssd1306.o(.text.ssd1306_SetCursor)
    ssd1306_UpdateScreen                     0x08005f15   Thumb Code   384  ssd1306.o(.text.ssd1306_UpdateScreen)
    ssd1306_WriteChar                        0x0800609d   Thumb Code   772  ssd1306.o(.text.ssd1306_WriteChar)
    ssd1306_WriteString                      0x080063a9   Thumb Code    66  ssd1306.o(.text.ssd1306_WriteString)
    __aeabi_uidiv                            0x080063eb   Thumb Code    68  aeabi_sdivfast.o(.text_divfast)
    __aeabi_idiv                             0x0800642f   Thumb Code   434  aeabi_sdivfast.o(.text_divfast)
    __ARM_common_ll_muluu                    0x080065e1   Thumb Code    48  btod.o(i.__ARM_common_ll_muluu)
    __ARM_fpclassify                         0x08006611   Thumb Code    40  fpclassify.o(i.__ARM_fpclassify)
    _is_digit                                0x0800663d   Thumb Code    14  __printf_wp.o(i._is_digit)
    fputc                                    0x0800664b   Thumb Code    32  fputc.o(i.fputc)
    sqrtf                                    0x0800666b   Thumb Code    44  sqrtf.o(i.sqrtf)
    _get_lc_numeric                          0x08006699   Thumb Code    44  lc_numeric_c.o(locale$$code)
    __aeabi_fmul                             0x080066c5   Thumb Code     0  fmul.o(x$fpl$fmul)
    _fmul                                    0x080066c5   Thumb Code   172  fmul.o(x$fpl$fmul)
    _printf_fp_dec                           0x08006775   Thumb Code    16  printf1.o(x$fpl$printf1)
    __I$use$fp                               0x08006784   Number         0  usenofp.o(x$fpl$usenofp)
    __stdin_name                             0x08006818   Data           4  sys_io_names.o(.constdata)
    __stdout_name                            0x0800681c   Data           4  sys_io_names.o(.constdata)
    __stderr_name                            0x08006820   Data           4  sys_io_names.o(.constdata)
    AHBPrescTable                            0x08006824   Data          16  system_stm32l0xx.o(.rodata.AHBPrescTable)
    APBPrescTable                            0x08006834   Data           8  system_stm32l0xx.o(.rodata.APBPrescTable)
    Font_6x8                                 0x08006e2c   Data          12  ssd1306_fonts.o(.rodata.Font_6x8)
    PLLMulTable                              0x08006e38   Data           9  system_stm32l0xx.o(.rodata.PLLMulTable)
    Region$$Table$$Base                      0x08006e54   Number         0  anon$$obj.o(Region$$Table)
    Region$$Table$$Limit                     0x08006e74   Number         0  anon$$obj.o(Region$$Table)
    __aeabi_stdin                            0x20000000   Data           4  stdio_streams.o(.data)
    __aeabi_stdout                           0x20000004   Data           4  stdio_streams.o(.data)
    __aeabi_stderr                           0x20000008   Data           4  stdio_streams.o(.data)
    uwTickFreq                               0x2000000c   Data           1  stm32l0xx_hal.o(.data..L_MergedGlobals)
    uwTickPrio                               0x20000010   Data           4  stm32l0xx_hal.o(.data..L_MergedGlobals)
    SystemCoreClock                          0x20000014   Data           4  system_stm32l0xx.o(.data.SystemCoreClock)
    __stdin                                  0x20000018   Data          84  stdio_streams.o(.bss)
    __stdout                                 0x2000006c   Data          84  stdio_streams.o(.bss)
    __stderr                                 0x200000c0   Data          84  stdio_streams.o(.bss)
    __libspace_start                         0x20000114   Data          96  libspace.o(.bss)
    __temporary_stack_top$libspace           0x20000174   Data           0  libspace.o(.bss)
    chipid                                   0x20000174   Data           1  main.o(.bss..L_MergedGlobals)
    x_raw                                    0x20000176   Data           2  main.o(.bss..L_MergedGlobals)
    y_raw                                    0x20000178   Data           2  main.o(.bss..L_MergedGlobals)
    z_raw                                    0x2000017a   Data           2  main.o(.bss..L_MergedGlobals)
    x_g                                      0x2000017c   Data           4  main.o(.bss..L_MergedGlobals)
    y_g                                      0x20000180   Data           4  main.o(.bss..L_MergedGlobals)
    z_g                                      0x20000184   Data           4  main.o(.bss..L_MergedGlobals)
    counter2                                 0x20000188   Data           4  main.o(.bss..L_MergedGlobals)
    data_rec                                 0x2000018c   Data           6  main.o(.bss..L_MergedGlobals)
    vidutine_kvadratine_verte                0x20000194   Data          12  main.o(.bss..L_MergedGlobals)
    htim2                                    0x200001a0   Data          64  main.o(.bss..L_MergedGlobals)
    channel_data                             0x200003e8   Data         120  main.o(.bss.channel_data)
    data_UART                                0x20000460   Data         100  main.o(.bss.data_UART)
    hi2c1                                    0x200004c4   Data          84  main.o(.bss.hi2c1)
    huart4                                   0x20000518   Data         136  main.o(.bss.huart4)
    uwTick                                   0x200005a0   Data           4  stm32l0xx_hal.o(.bss.uwTick)



==============================================================================

Memory Map of the image

  Image Entry point : 0x080000c1

  Load Region LR_IROM1 (Base: 0x08000000, Size: 0x00006ea8, Max: 0x00030000, ABSOLUTE)

    Execution Region ER_IROM1 (Exec base: 0x08000000, Load base: 0x08000000, Size: 0x00006e90, Max: 0x00030000, ABSOLUTE)

    Exec Addr    Load Addr    Size         Type   Attr      Idx    E Section Name        Object

    0x08000000   0x08000000   0x000000c0   Data   RO            3    RESET               startup_stm32l073xx.o
    0x080000c0   0x080000c0   0x00000008   Code   RO         1253  * !!!main             c_p.l(__main.o)
    0x080000c8   0x080000c8   0x00000054   Code   RO         1720    !!!scatter          c_p.l(__scatter.o)
    0x0800011c   0x0800011c   0x0000001a   Code   RO         1724    !!handler_copy      c_p.l(__scatter_copy.o)
    0x08000136   0x08000136   0x00000002   PAD
    0x08000138   0x08000138   0x00000002   Code   RO         1721    !!handler_null      c_p.l(__scatter.o)
    0x0800013a   0x0800013a   0x00000002   PAD
    0x0800013c   0x0800013c   0x0000001c   Code   RO         1726    !!handler_zi        c_p.l(__scatter_zi.o)
    0x08000158   0x08000158   0x00000002   Code   RO         1230    .ARM.Collect$$_printf_percent$$00000000  c_p.l(_printf_percent.o)
    0x0800015a   0x0800015a   0x0000000a   Code   RO         1229    .ARM.Collect$$_printf_percent$$00000003  c_p.l(_printf_f.o)
    0x08000164   0x08000164   0x00000004   Code   RO         1307    .ARM.Collect$$_printf_percent$$00000017  c_p.l(_printf_percent_end.o)
    0x08000168   0x08000168   0x00000002   Code   RO         1531    .ARM.Collect$$libinit$$00000000  c_p.l(libinit.o)
    0x0800016a   0x0800016a   0x00000000   Code   RO         1533    .ARM.Collect$$libinit$$00000002  c_p.l(libinit2.o)
    0x0800016a   0x0800016a   0x00000000   Code   RO         1535    .ARM.Collect$$libinit$$00000004  c_p.l(libinit2.o)
    0x0800016a   0x0800016a   0x00000000   Code   RO         1537    .ARM.Collect$$libinit$$00000006  c_p.l(libinit2.o)
    0x0800016a   0x0800016a   0x00000008   Code   RO         1538    .ARM.Collect$$libinit$$00000007  c_p.l(libinit2.o)
    0x08000172   0x08000172   0x00000000   Code   RO         1540    .ARM.Collect$$libinit$$0000000C  c_p.l(libinit2.o)
    0x08000172   0x08000172   0x00000000   Code   RO         1542    .ARM.Collect$$libinit$$0000000E  c_p.l(libinit2.o)
    0x08000172   0x08000172   0x00000000   Code   RO         1544    .ARM.Collect$$libinit$$00000010  c_p.l(libinit2.o)
    0x08000172   0x08000172   0x00000006   Code   RO         1545    .ARM.Collect$$libinit$$00000011  c_p.l(libinit2.o)
    0x08000178   0x08000178   0x00000000   Code   RO         1547    .ARM.Collect$$libinit$$00000013  c_p.l(libinit2.o)
    0x08000178   0x08000178   0x00000000   Code   RO         1549    .ARM.Collect$$libinit$$00000015  c_p.l(libinit2.o)
    0x08000178   0x08000178   0x00000000   Code   RO         1551    .ARM.Collect$$libinit$$00000017  c_p.l(libinit2.o)
    0x08000178   0x08000178   0x0000000a   Code   RO         1552    .ARM.Collect$$libinit$$00000018  c_p.l(libinit2.o)
    0x08000182   0x08000182   0x00000000   Code   RO         1553    .ARM.Collect$$libinit$$00000019  c_p.l(libinit2.o)
    0x08000182   0x08000182   0x00000000   Code   RO         1555    .ARM.Collect$$libinit$$0000001B  c_p.l(libinit2.o)
    0x08000182   0x08000182   0x00000000   Code   RO         1557    .ARM.Collect$$libinit$$0000001D  c_p.l(libinit2.o)
    0x08000182   0x08000182   0x00000000   Code   RO         1559    .ARM.Collect$$libinit$$0000001F  c_p.l(libinit2.o)
    0x08000182   0x08000182   0x00000000   Code   RO         1561    .ARM.Collect$$libinit$$00000021  c_p.l(libinit2.o)
    0x08000182   0x08000182   0x00000000   Code   RO         1563    .ARM.Collect$$libinit$$00000023  c_p.l(libinit2.o)
    0x08000182   0x08000182   0x00000000   Code   RO         1565    .ARM.Collect$$libinit$$00000025  c_p.l(libinit2.o)
    0x08000182   0x08000182   0x00000004   Code   RO         1566    .ARM.Collect$$libinit$$00000026  c_p.l(libinit2.o)
    0x08000186   0x08000186   0x00000000   Code   RO         1567    .ARM.Collect$$libinit$$00000027  c_p.l(libinit2.o)
    0x08000186   0x08000186   0x00000000   Code   RO         1571    .ARM.Collect$$libinit$$0000002E  c_p.l(libinit2.o)
    0x08000186   0x08000186   0x00000000   Code   RO         1573    .ARM.Collect$$libinit$$00000030  c_p.l(libinit2.o)
    0x08000186   0x08000186   0x00000000   Code   RO         1575    .ARM.Collect$$libinit$$00000032  c_p.l(libinit2.o)
    0x08000186   0x08000186   0x00000000   Code   RO         1577    .ARM.Collect$$libinit$$00000034  c_p.l(libinit2.o)
    0x08000186   0x08000186   0x00000002   Code   RO         1578    .ARM.Collect$$libinit$$00000035  c_p.l(libinit2.o)
    0x08000188   0x08000188   0x00000002   Code   RO         1702    .ARM.Collect$$libshutdown$$00000000  c_p.l(libshutdown.o)
    0x0800018a   0x0800018a   0x00000000   Code   RO         1580    .ARM.Collect$$libshutdown$$00000002  c_p.l(libshutdown2.o)
    0x0800018a   0x0800018a   0x00000004   Code   RO         1581    .ARM.Collect$$libshutdown$$00000003  c_p.l(libshutdown2.o)
    0x0800018e   0x0800018e   0x00000000   Code   RO         1582    .ARM.Collect$$libshutdown$$00000004  c_p.l(libshutdown2.o)
    0x0800018e   0x0800018e   0x00000000   Code   RO         1585    .ARM.Collect$$libshutdown$$00000007  c_p.l(libshutdown2.o)
    0x0800018e   0x0800018e   0x00000000   Code   RO         1588    .ARM.Collect$$libshutdown$$0000000A  c_p.l(libshutdown2.o)
    0x0800018e   0x0800018e   0x00000000   Code   RO         1590    .ARM.Collect$$libshutdown$$0000000C  c_p.l(libshutdown2.o)
    0x0800018e   0x0800018e   0x00000000   Code   RO         1593    .ARM.Collect$$libshutdown$$0000000F  c_p.l(libshutdown2.o)
    0x0800018e   0x0800018e   0x00000002   Code   RO         1594    .ARM.Collect$$libshutdown$$00000010  c_p.l(libshutdown2.o)
    0x08000190   0x08000190   0x00000000   Code   RO         1288    .ARM.Collect$$rtentry$$00000000  c_p.l(__rtentry.o)
    0x08000190   0x08000190   0x00000000   Code   RO         1353    .ARM.Collect$$rtentry$$00000002  c_p.l(__rtentry2.o)
    0x08000190   0x08000190   0x00000006   Code   RO         1365    .ARM.Collect$$rtentry$$00000004  c_p.l(__rtentry4.o)
    0x08000196   0x08000196   0x00000000   Code   RO         1355    .ARM.Collect$$rtentry$$00000009  c_p.l(__rtentry2.o)
    0x08000196   0x08000196   0x00000004   Code   RO         1356    .ARM.Collect$$rtentry$$0000000A  c_p.l(__rtentry2.o)
    0x0800019a   0x0800019a   0x00000000   Code   RO         1358    .ARM.Collect$$rtentry$$0000000C  c_p.l(__rtentry2.o)
    0x0800019a   0x0800019a   0x00000008   Code   RO         1359    .ARM.Collect$$rtentry$$0000000D  c_p.l(__rtentry2.o)
    0x080001a2   0x080001a2   0x00000002   Code   RO         1599    .ARM.Collect$$rtexit$$00000000  c_p.l(rtexit.o)
    0x080001a4   0x080001a4   0x00000000   Code   RO         1659    .ARM.Collect$$rtexit$$00000002  c_p.l(rtexit2.o)
    0x080001a4   0x080001a4   0x00000004   Code   RO         1660    .ARM.Collect$$rtexit$$00000003  c_p.l(rtexit2.o)
    0x080001a8   0x080001a8   0x00000006   Code   RO         1661    .ARM.Collect$$rtexit$$00000004  c_p.l(rtexit2.o)
    0x080001ae   0x080001ae   0x00000002   PAD
    0x080001b0   0x080001b0   0x00000038   Code   RO            4    .text               startup_stm32l073xx.o
    0x080001e8   0x080001e8   0x00000110   Code   RO         1201    .text               c_p.l(lludiv.o)
    0x080002f8   0x080002f8   0x00000028   Code   RO         1205    .text               c_p.l(noretval__2sprintf.o)
    0x08000320   0x08000320   0x0000010e   Code   RO         1217    .text               c_p.l(__printf_wp.o)
    0x0800042e   0x0800042e   0x00000002   PAD
    0x08000430   0x08000430   0x0000002c   Code   RO         1231    .text               c_p.l(puts.o)
    0x0800045c   0x0800045c   0x00000044   Code   RO         1233    .text               c_p.l(strlen.o)
    0x080004a0   0x080004a0   0x00000040   Code   RO         1241    .text               c_p.l(rt_memclr.o)
    0x080004e0   0x080004e0   0x000001f8   Code   RO         1243    .text               c_p.l(aeabi_sdivfast.o)
    0x080006d8   0x080006d8   0x00000006   Code   RO         1251    .text               c_p.l(heapauxi.o)
    0x080006de   0x080006de   0x00000002   PAD
    0x080006e0   0x080006e0   0x0000007c   Code   RO         1255    .text               fz_ps.l(d2f.o)
    0x0800075c   0x0800075c   0x00000358   Code   RO         1257    .text               fz_ps.l(daddsub.o)
    0x08000ab4   0x08000ab4   0x00000058   Code   RO         1259    .text               fz_ps.l(dflti.o)
    0x08000b0c   0x08000b0c   0x00000248   Code   RO         1261    .text               fz_ps.l(dmul.o)
    0x08000d54   0x08000d54   0x00000054   Code   RO         1263    .text               fz_ps.l(f2d.o)
    0x08000da8   0x08000da8   0x00000016   Code   RO         1297    .text               c_p.l(_rserrno.o)
    0x08000dbe   0x08000dbe   0x00000002   PAD
    0x08000dc0   0x08000dc0   0x00000414   Code   RO         1299    .text               c_p.l(_printf_fp_dec.o)
    0x080011d4   0x080011d4   0x00000030   Code   RO         1303    .text               c_p.l(_printf_char_common.o)
    0x08001204   0x08001204   0x0000000a   Code   RO         1305    .text               c_p.l(_sputc.o)
    0x0800120e   0x0800120e   0x00000002   PAD
    0x08001210   0x08001210   0x00000090   Code   RO         1328    .text               fz_ps.l(fsqrt.o)
    0x080012a0   0x080012a0   0x00000008   Code   RO         1372    .text               c_p.l(rt_locale_intlibspace.o)
    0x080012a8   0x080012a8   0x00000008   Code   RO         1377    .text               c_p.l(rt_errno_addr_intlibspace.o)
    0x080012b0   0x080012b0   0x0000007a   Code   RO         1379    .text               c_p.l(lludiv10.o)
    0x0800132a   0x0800132a   0x00000002   PAD
    0x0800132c   0x0800132c   0x00000088   Code   RO         1381    .text               c_p.l(_printf_fp_infnan.o)
    0x080013b4   0x080013b4   0x000000d8   Code   RO         1385    .text               c_p.l(bigflt0.o)
    0x0800148c   0x0800148c   0x00000580   Code   RO         1388    .text               c_p.l(btod.o)
    0x08001a0c   0x08001a0c   0x000001f4   Code   RO         1395    .text               c_p.l(flsbuf.o)
    0x08001c00   0x08001c00   0x0000013c   Code   RO         1397    .text               c_p.l(initio.o)
    0x08001d3c   0x08001d3c   0x00000028   Code   RO         1404    .text               c_p.l(rtudiv10.o)
    0x08001d64   0x08001d64   0x00000066   Code   RO         1414    .text               c_p.l(sys_io.o)
    0x08001dca   0x08001dca   0x00000002   PAD
    0x08001dcc   0x08001dcc   0x00000008   Code   RO         1421    .text               c_p.l(libspace.o)
    0x08001dd4   0x08001dd4   0x0000003e   Code   RO         1426    .text               c_p.l(sys_stackheap_outer.o)
    0x08001e12   0x08001e12   0x00000062   Code   RO         1433    .text               c_p.l(h1_alloc.o)
    0x08001e74   0x08001e74   0x0000004c   Code   RO         1435    .text               c_p.l(h1_free.o)
    0x08001ec0   0x08001ec0   0x0000004c   Code   RO         1493    .text               c_p.l(setvbuf.o)
    0x08001f0c   0x08001f0c   0x0000010c   Code   RO         1495    .text               c_p.l(stdio.o)
    0x08002018   0x08002018   0x000000f0   Code   RO         1500    .text               c_p.l(fopen.o)
    0x08002108   0x08002108   0x00000048   Code   RO         1502    .text               c_p.l(fclose.o)
    0x08002150   0x08002150   0x00000010   Code   RO         1512    .text               c_p.l(exit.o)
    0x08002160   0x08002160   0x0000000c   Code   RO         1518    .text               c_p.l(defsig_rtred_outer.o)
    0x0800216c   0x0800216c   0x000000b0   Code   RO         1524    .text               c_p.l(strcmpv6m.o)
    0x0800221c   0x0800221c   0x00000002   Code   RO         1595    .text               c_p.l(use_no_semi.o)
    0x0800221e   0x0800221e   0x00000000   Code   RO         1597    .text               c_p.l(indicate_semi.o)
    0x0800221e   0x0800221e   0x00000002   PAD
    0x08002220   0x08002220   0x00000008   Code   RO         1606    .text               c_p.l(rt_heap_descriptor_intlibspace.o)
    0x08002228   0x08002228   0x00000004   Code   RO         1608    .text               c_p.l(hguard.o)
    0x0800222c   0x0800222c   0x00000088   Code   RO         1610    .text               c_p.l(init_alloc.o)
    0x080022b4   0x080022b4   0x0000000c   Code   RO         1614    .text               c_p.l(h1_init.o)
    0x080022c0   0x080022c0   0x000000f4   Code   RO         1632    .text               c_p.l(fseek.o)
    0x080023b4   0x080023b4   0x0000000c   Code   RO         1638    .text               c_p.l(defsig_exit.o)
    0x080023c0   0x080023c0   0x00000034   Code   RO         1642    .text               c_p.l(defsig_rtred_inner.o)
    0x080023f4   0x080023f4   0x0000000c   Code   RO         1652    .text               c_p.l(sys_exit.o)
    0x08002400   0x08002400   0x00000000   Code   RO         1667    .text               c_p.l(maybetermalloc1.o)
    0x08002400   0x08002400   0x00000034   Code   RO         1669    .text               c_p.l(h1_extend.o)
    0x08002434   0x08002434   0x00000042   Code   RO         1673    .text               c_p.l(ftell.o)
    0x08002476   0x08002476   0x00000034   Code   RO         1677    .text               c_p.l(defsig_general.o)
    0x080024aa   0x080024aa   0x0000000c   Code   RO         1679    .text               c_p.l(defsig_rtmem_outer.o)
    0x080024b6   0x080024b6   0x0000000c   Code   RO         1690    .text               c_p.l(sys_wrch.o)
    0x080024c2   0x080024c2   0x00000002   PAD
    0x080024c4   0x080024c4   0x00000050   Code   RO         1696    .text               c_p.l(defsig_rtmem_inner.o)
    0x08002514   0x08002514   0x00000042   Code   RO          558    .text.HAL_DMA_Abort  stm32l0xx_hal_dma.o
    0x08002556   0x08002556   0x00000046   Code   RO          560    .text.HAL_DMA_Abort_IT  stm32l0xx_hal_dma.o
    0x0800259c   0x0800259c   0x00000006   Code   RO          570    .text.HAL_DMA_GetState  stm32l0xx_hal_dma.o
    0x080025a2   0x080025a2   0x00000002   PAD
    0x080025a4   0x080025a4   0x00000024   Code   RO          297    .text.HAL_Delay     stm32l0xx_hal.o
    0x080025c8   0x080025c8   0x0000018c   Code   RO          526    .text.HAL_GPIO_Init  stm32l0xx_hal_gpio.o
    0x08002754   0x08002754   0x00000010   Code   RO          534    .text.HAL_GPIO_TogglePin  stm32l0xx_hal_gpio.o
    0x08002764   0x08002764   0x00000010   Code   RO          532    .text.HAL_GPIO_WritePin  stm32l0xx_hal_gpio.o
    0x08002774   0x08002774   0x0000000c   Code   RO          289    .text.HAL_GetTick   stm32l0xx_hal.o
    0x08002780   0x08002780   0x00000042   Code   RO          257    .text.HAL_I2CEx_ConfigAnalogFilter  stm32l0xx_hal_i2c_ex.o
    0x080027c2   0x080027c2   0x00000042   Code   RO          259    .text.HAL_I2CEx_ConfigDigitalFilter  stm32l0xx_hal_i2c_ex.o
    0x08002804   0x08002804   0x00000002   Code   RO          229    .text.HAL_I2C_AbortCpltCallback  stm32l0xx_hal_i2c.o
    0x08002806   0x08002806   0x00000002   Code   RO          219    .text.HAL_I2C_AddrCallback  stm32l0xx_hal_i2c.o
    0x08002808   0x08002808   0x00000082   Code   RO          207    .text.HAL_I2C_ER_IRQHandler  stm32l0xx_hal_i2c.o
    0x0800288a   0x0800288a   0x00000012   Code   RO          205    .text.HAL_I2C_EV_IRQHandler  stm32l0xx_hal_i2c.o
    0x0800289c   0x0800289c   0x00000002   Code   RO          227    .text.HAL_I2C_ErrorCallback  stm32l0xx_hal_i2c.o
    0x0800289e   0x0800289e   0x00000002   PAD
    0x080028a0   0x080028a0   0x000000a8   Code   RO          103    .text.HAL_I2C_Init  stm32l0xx_hal_i2c.o
    0x08002948   0x08002948   0x00000002   Code   RO          221    .text.HAL_I2C_ListenCpltCallback  stm32l0xx_hal_i2c.o
    0x0800294a   0x0800294a   0x00000002   PAD
    0x0800294c   0x0800294c   0x00000188   Code   RO          111    .text.HAL_I2C_Master_Transmit  stm32l0xx_hal_i2c.o
    0x08002ad4   0x08002ad4   0x0000022c   Code   RO          165    .text.HAL_I2C_Mem_Read  stm32l0xx_hal_i2c.o
    0x08002d00   0x08002d00   0x00000224   Code   RO          163    .text.HAL_I2C_Mem_Write  stm32l0xx_hal_i2c.o
    0x08002f24   0x08002f24   0x0000006c   Code   RO           83    .text.HAL_I2C_MspInit  stm32l0xx_hal_msp.o
    0x08002f90   0x08002f90   0x00000002   Code   RO          217    .text.HAL_I2C_SlaveRxCpltCallback  stm32l0xx_hal_i2c.o
    0x08002f92   0x08002f92   0x00000002   Code   RO          215    .text.HAL_I2C_SlaveTxCpltCallback  stm32l0xx_hal_i2c.o
    0x08002f94   0x08002f94   0x00000014   Code   RO          287    .text.HAL_IncTick   stm32l0xx_hal.o
    0x08002fa8   0x08002fa8   0x00000028   Code   RO          277    .text.HAL_Init      stm32l0xx_hal.o
    0x08002fd0   0x08002fd0   0x00000044   Code   RO          279    .text.HAL_InitTick  stm32l0xx_hal.o
    0x08003014   0x08003014   0x00000018   Code   RO           81    .text.HAL_MspInit   stm32l0xx_hal_msp.o
    0x0800302c   0x0800302c   0x00000018   Code   RO          648    .text.HAL_NVIC_EnableIRQ  stm32l0xx_hal_cortex.o
    0x08003044   0x08003044   0x00000038   Code   RO          646    .text.HAL_NVIC_SetPriority  stm32l0xx_hal_cortex.o
    0x0800307c   0x0800307c   0x00000238   Code   RO          383    .text.HAL_RCCEx_PeriphCLKConfig  stm32l0xx_hal_rcc_ex.o
    0x080032b4   0x080032b4   0x00000228   Code   RO          355    .text.HAL_RCC_ClockConfig  stm32l0xx_hal_rcc.o
    0x080034dc   0x080034dc   0x00000014   Code   RO          363    .text.HAL_RCC_GetPCLK1Freq  stm32l0xx_hal_rcc.o
    0x080034f0   0x080034f0   0x00000020   Code   RO          365    .text.HAL_RCC_GetPCLK2Freq  stm32l0xx_hal_rcc.o
    0x08003510   0x08003510   0x00000074   Code   RO          353    .text.HAL_RCC_GetSysClockFreq  stm32l0xx_hal_rcc.o
    0x08003584   0x08003584   0x00000594   Code   RO          351    .text.HAL_RCC_OscConfig  stm32l0xx_hal_rcc.o
    0x08003b18   0x08003b18   0x00000034   Code   RO          654    .text.HAL_SYSTICK_Config  stm32l0xx_hal_cortex.o
    0x08003b4c   0x08003b4c   0x0000005c   Code   RO          929    .text.HAL_TIMEx_MasterConfigSynchronization  stm32l0xx_hal_tim_ex.o
    0x08003ba8   0x08003ba8   0x000000b4   Code   RO          710    .text.HAL_TIM_Base_Init  stm32l0xx_hal_tim.o
    0x08003c5c   0x08003c5c   0x00000030   Code   RO           87    .text.HAL_TIM_Base_MspInit  stm32l0xx_hal_msp.o
    0x08003c8c   0x08003c8c   0x00000064   Code   RO          722    .text.HAL_TIM_Base_Start_IT  stm32l0xx_hal_tim.o
    0x08003cf0   0x08003cf0   0x0000015c   Code   RO          880    .text.HAL_TIM_ConfigClockSource  stm32l0xx_hal_tim.o
    0x08003e4c   0x08003e4c   0x00000002   Code   RO          842    .text.HAL_TIM_IC_CaptureCallback  stm32l0xx_hal_tim.o
    0x08003e4e   0x08003e4e   0x00000116   Code   RO          840    .text.HAL_TIM_IRQHandler  stm32l0xx_hal_tim.o
    0x08003f64   0x08003f64   0x00000002   Code   RO          844    .text.HAL_TIM_OC_DelayElapsedCallback  stm32l0xx_hal_tim.o
    0x08003f66   0x08003f66   0x00000002   Code   RO          846    .text.HAL_TIM_PWM_PulseFinishedCallback  stm32l0xx_hal_tim.o
    0x08003f68   0x08003f68   0x00000034   Code   RO           35    .text.HAL_TIM_PeriodElapsedCallback  main.o
    0x08003f9c   0x08003f9c   0x00000002   Code   RO          850    .text.HAL_TIM_TriggerCallback  stm32l0xx_hal_tim.o
    0x08003f9e   0x08003f9e   0x00000002   Code   RO         1027    .text.HAL_UARTEx_RxEventCallback  stm32l0xx_hal_uart.o
    0x08003fa0   0x08003fa0   0x00000002   Code   RO         1078    .text.HAL_UARTEx_WakeupCallback  stm32l0xx_hal_uart_ex.o
    0x08003fa2   0x08003fa2   0x00000002   PAD
    0x08003fa4   0x08003fa4   0x0000003c   Code   RO           31    .text.HAL_UART_ErrorCallback  main.o
    0x08003fe0   0x08003fe0   0x000003e4   Code   RO         1021    .text.HAL_UART_IRQHandler  stm32l0xx_hal_uart.o
    0x080043c4   0x080043c4   0x0000006e   Code   RO          941    .text.HAL_UART_Init  stm32l0xx_hal_uart.o
    0x08004432   0x08004432   0x00000002   PAD
    0x08004434   0x08004434   0x00000060   Code   RO           91    .text.HAL_UART_MspInit  stm32l0xx_hal_msp.o
    0x08004494   0x08004494   0x00000074   Code   RO          967    .text.HAL_UART_Transmit_IT  stm32l0xx_hal_uart.o
    0x08004508   0x08004508   0x00000034   Code   RO           33    .text.HAL_UART_TxCpltCallback  main.o
    0x0800453c   0x0800453c   0x00000002   Code   RO           60    .text.HardFault_Handler  stm32l0xx_it.o
    0x0800453e   0x0800453e   0x00000002   PAD
    0x08004540   0x08004540   0x00000024   Code   RO           72    .text.I2C1_IRQHandler  stm32l0xx_it.o
    0x08004564   0x08004564   0x0000003e   Code   RO          191    .text.I2C_DMAAbort  stm32l0xx_hal_i2c.o
    0x080045a2   0x080045a2   0x00000002   PAD
    0x080045a4   0x080045a4   0x000000a8   Code   RO          245    .text.I2C_ITAddrCplt  stm32l0xx_hal_i2c.o
    0x0800464c   0x0800464c   0x0000015c   Code   RO          209    .text.I2C_ITError   stm32l0xx_hal_i2c.o
    0x080047a8   0x080047a8   0x000001fc   Code   RO          241    .text.I2C_ITSlaveCplt  stm32l0xx_hal_i2c.o
    0x080049a4   0x080049a4   0x00000084   Code   RO          243    .text.I2C_ITSlaveSeqCplt  stm32l0xx_hal_i2c.o
    0x08004a28   0x08004a28   0x00000180   Code   RO          247    .text.I2C_IsErrorOccurred  stm32l0xx_hal_i2c.o
    0x08004ba8   0x08004ba8   0x00000250   Code   RO          137    .text.I2C_Slave_ISR_IT  stm32l0xx_hal_i2c.o
    0x08004df8   0x08004df8   0x000000de   Code   RO          113    .text.I2C_WaitOnFlagUntilTimeout  stm32l0xx_hal_i2c.o
    0x08004ed6   0x08004ed6   0x00000086   Code   RO          117    .text.I2C_WaitOnSTOPFlagUntilTimeout  stm32l0xx_hal_i2c.o
    0x08004f5c   0x08004f5c   0x000000a6   Code   RO          115    .text.I2C_WaitOnTXISFlagUntilTimeout  stm32l0xx_hal_i2c.o
    0x08005002   0x08005002   0x00000002   Code   RO           58    .text.NMI_Handler   stm32l0xx_it.o
    0x08005004   0x08005004   0x00000002   Code   RO           64    .text.PendSV_Handler  stm32l0xx_it.o
    0x08005006   0x08005006   0x00000002   Code   RO           62    .text.SVC_Handler   stm32l0xx_it.o
    0x08005008   0x08005008   0x00000008   Code   RO           66    .text.SysTick_Handler  stm32l0xx_it.o
    0x08005010   0x08005010   0x00000002   Code   RO         1108    .text.SystemInit    system_stm32l0xx.o
    0x08005012   0x08005012   0x00000002   PAD
    0x08005014   0x08005014   0x00000010   Code   RO           70    .text.TIM2_IRQHandler  stm32l0xx_it.o
    0x08005024   0x08005024   0x000000d2   Code   RO          947    .text.UART_AdvFeatureConfig  stm32l0xx_hal_uart.o
    0x080050f6   0x080050f6   0x00000002   PAD
    0x080050f8   0x080050f8   0x000000c4   Code   RO          949    .text.UART_CheckIdleState  stm32l0xx_hal_uart.o
    0x080051bc   0x080051bc   0x00000016   Code   RO         1023    .text.UART_DMAAbortOnError  stm32l0xx_hal_uart.o
    0x080051d2   0x080051d2   0x00000002   PAD
    0x080051d4   0x080051d4   0x0000022c   Code   RO          945    .text.UART_SetConfig  stm32l0xx_hal_uart.o
    0x08005400   0x08005400   0x00000060   Code   RO          969    .text.UART_TxISR_16BIT  stm32l0xx_hal_uart.o
    0x08005460   0x08005460   0x00000058   Code   RO          971    .text.UART_TxISR_8BIT  stm32l0xx_hal_uart.o
    0x080054b8   0x080054b8   0x000001a2   Code   RO          963    .text.UART_WaitOnFlagUntilTimeout  stm32l0xx_hal_uart.o
    0x0800565a   0x0800565a   0x00000002   PAD
    0x0800565c   0x0800565c   0x0000000c   Code   RO           68    .text.USART4_5_IRQHandler  stm32l0xx_it.o
    0x08005668   0x08005668   0x00000174   Code   RO           25    .text.calculate_rms  main.o
    0x080057dc   0x080057dc   0x000000a8   Code   RO           29    .text.dataUART      main.o
    0x08005884   0x08005884   0x000000d4   Code   RO           27    .text.display_rms   main.o
    0x08005958   0x08005958   0x00000260   Code   RO           37    .text.main          main.o
    0x08005bb8   0x08005bb8   0x000000b8   Code   RO           23    .text.read_ADXL_data  main.o
    0x08005c70   0x08005c70   0x00000298   Code   RO         1132    .text.ssd1306_Init  ssd1306.o
    0x08005f08   0x08005f08   0x0000000c   Code   RO         1148    .text.ssd1306_SetCursor  ssd1306.o
    0x08005f14   0x08005f14   0x00000188   Code   RO         1140    .text.ssd1306_UpdateScreen  ssd1306.o
    0x0800609c   0x0800609c   0x0000030c   Code   RO         1144    .text.ssd1306_WriteChar  ssd1306.o
    0x080063a8   0x080063a8   0x00000042   Code   RO         1146    .text.ssd1306_WriteString  ssd1306.o
    0x080063ea   0x080063ea   0x000001f6   Code   RO         1244    .text_divfast       c_p.l(aeabi_sdivfast.o)
    0x080065e0   0x080065e0   0x00000030   Code   RO         1391    i.__ARM_common_ll_muluu  c_p.l(btod.o)
    0x08006610   0x08006610   0x0000002c   Code   RO         1412    i.__ARM_fpclassify  m_ps.l(fpclassify.o)
    0x0800663c   0x0800663c   0x0000000e   Code   RO         1219    i._is_digit         c_p.l(__printf_wp.o)
    0x0800664a   0x0800664a   0x00000020   Code   RO         1309    i.fputc             c_p.l(fputc.o)
    0x0800666a   0x0800666a   0x0000002c   Code   RO         1285    i.sqrtf             m_ps.l(sqrtf.o)
    0x08006696   0x08006696   0x00000002   PAD
    0x08006698   0x08006698   0x0000002c   Code   RO         1402    locale$$code        c_p.l(lc_numeric_c.o)
    0x080066c4   0x080066c4   0x000000b0   Code   RO         1272    x$fpl$fmul          fz_ps.l(fmul.o)
    0x08006774   0x08006774   0x00000010   Code   RO         1274    x$fpl$printf1       fz_ps.l(printf1.o)
    0x08006784   0x08006784   0x00000000   Code   RO         1330    x$fpl$usenofp       fz_ps.l(usenofp.o)
    0x08006784   0x08006784   0x00000094   Data   RO         1386    .constdata          c_p.l(bigflt0.o)
    0x08006818   0x08006818   0x00000004   Data   RO         1416    .constdata          c_p.l(sys_io_names.o)
    0x0800681c   0x0800681c   0x00000004   Data   RO         1417    .constdata          c_p.l(sys_io_names.o)
    0x08006820   0x08006820   0x00000004   Data   RO         1418    .constdata          c_p.l(sys_io_names.o)
    0x08006824   0x08006824   0x00000010   Data   RO         1113    .rodata.AHBPrescTable  system_stm32l0xx.o
    0x08006834   0x08006834   0x00000008   Data   RO         1114    .rodata.APBPrescTable  system_stm32l0xx.o
    0x0800683c   0x0800683c   0x000005f0   Data   RO         1182    .rodata.Font6x8     ssd1306_fonts.o
    0x08006e2c   0x08006e2c   0x0000000c   Data   RO         1183    .rodata.Font_6x8    ssd1306_fonts.o
    0x08006e38   0x08006e38   0x00000009   Data   RO         1115    .rodata.PLLMulTable  system_stm32l0xx.o
    0x08006e41   0x08006e41   0x00000003   PAD
    0x08006e44   0x08006e44   0x00000010   Data   RO         1067    .rodata.cst16       stm32l0xx_hal_uart.o
    0x08006e54   0x08006e54   0x00000020   Data   RO         1719    Region$$Table       anon$$obj.o
    0x08006e74   0x08006e74   0x0000001c   Data   RO         1401    locale$$data        c_p.l(lc_numeric_c.o)


    Execution Region RW_IRAM1 (Exec base: 0x20000000, Load base: 0x08006e90, Size: 0x00000ba8, Max: 0x00005000, ABSOLUTE)

    Exec Addr    Load Addr    Size         Type   Attr      Idx    E Section Name        Object

    0x20000000   0x08006e90   0x00000004   Data   RW         1315    .data               c_p.l(stdio_streams.o)
    0x20000004   0x08006e94   0x00000004   Data   RW         1316    .data               c_p.l(stdio_streams.o)
    0x20000008   0x08006e98   0x00000004   Data   RW         1317    .data               c_p.l(stdio_streams.o)
    0x2000000c   0x08006e9c   0x00000008   Data   RW          340    .data..L_MergedGlobals  stm32l0xx_hal.o
    0x20000014   0x08006ea4   0x00000004   Data   RW         1112    .data.SystemCoreClock  system_stm32l0xx.o
    0x20000018        -       0x00000054   Zero   RW         1312    .bss                c_p.l(stdio_streams.o)
    0x2000006c        -       0x00000054   Zero   RW         1313    .bss                c_p.l(stdio_streams.o)
    0x200000c0        -       0x00000054   Zero   RW         1314    .bss                c_p.l(stdio_streams.o)
    0x20000114        -       0x00000060   Zero   RW         1422    .bss                c_p.l(libspace.o)
    0x20000174        -       0x0000006c   Zero   RW           49    .bss..L_MergedGlobals  main.o
    0x200001e0        -       0x00000006   Zero   RW         1173    .bss..L_MergedGlobals  ssd1306.o
    0x200001e6   0x08006ea8   0x00000002   PAD
    0x200001e8        -       0x00000200   Zero   RW         1172    .bss.SSD1306_Buffer  ssd1306.o
    0x200003e8        -       0x00000078   Zero   RW           45    .bss.channel_data   main.o
    0x20000460        -       0x00000064   Zero   RW           46    .bss.data_UART      main.o
    0x200004c4        -       0x00000054   Zero   RW           44    .bss.hi2c1          main.o
    0x20000518        -       0x00000088   Zero   RW           47    .bss.huart4         main.o
    0x200005a0        -       0x00000004   Zero   RW          339    .bss.uwTick         stm32l0xx_hal.o
    0x200005a4   0x08006ea8   0x00000004   PAD
    0x200005a8        -       0x00000200   Zero   RW            2    HEAP                startup_stm32l073xx.o
    0x200007a8        -       0x00000400   Zero   RW            1    STACK               startup_stm32l073xx.o


==============================================================================

Image component sizes


      Code (inc. data)   RO Data    RW Data    ZI Data      Debug   Object Name

      1708        220          0          0        548      16434   main.o
      1914         24          0          0        518      25794   ssd1306.o
         0          0       1532          0          0       1159   ssd1306_fonts.o
        56         26        192          0       1536        612   startup_stm32l073xx.o
       176         24          0          8          4       6817   stm32l0xx_hal.o
       132         24          0          0          0       6593   stm32l0xx_hal_cortex.o
       142          0          0          0          0       7938   stm32l0xx_hal_dma.o
       428         16          0          0          0       5085   stm32l0xx_hal_gpio.o
      4540        112          0          0          0      62998   stm32l0xx_hal_i2c.o
       132          0          0          0          0       5432   stm32l0xx_hal_i2c_ex.o
       276         24          0          0          0       9616   stm32l0xx_hal_msp.o
      2148        104          0          0          0       9834   stm32l0xx_hal_rcc.o
       568          8          0          0          0       8865   stm32l0xx_hal_rcc_ex.o
       914         20          0          0          0      55814   stm32l0xx_hal_tim.o
        92          0          0          0          0       4389   stm32l0xx_hal_tim_ex.o
      2810        130         16          0          0      41617   stm32l0xx_hal_uart.o
         2          0          0          0          0       9696   stm32l0xx_hal_uart_ex.o
        80          8          0          0          0       2387   stm32l0xx_it.o
         2          0         33          4          0       2067   system_stm32l0xx.o

    ----------------------------------------------------------------------
     16142        740       1808         12       2612     283147   Object Totals
         0          0         32          0          0          0   (incl. Generated)
        22          0          3          0          6          0   (incl. Padding)

    ----------------------------------------------------------------------

      Code (inc. data)   RO Data    RW Data    ZI Data      Debug   Library Member Name

         8          0          0          0          0         68   __main.o
       284          0          0          0          0        136   __printf_wp.o
         0          0          0          0          0          0   __rtentry.o
        12          0          0          0          0          0   __rtentry2.o
         6          0          0          0          0          0   __rtentry4.o
        86         10          0          0          0          0   __scatter.o
        26          0          0          0          0          0   __scatter_copy.o
        28          0          0          0          0          0   __scatter_zi.o
        48          6          0          0          0         88   _printf_char_common.o
        10          0          0          0          0          0   _printf_f.o
      1044         12          0          0          0        116   _printf_fp_dec.o
       136         16          0          0          0         76   _printf_fp_infnan.o
         2          0          0          0          0          0   _printf_percent.o
         4          0          0          0          0          0   _printf_percent_end.o
        22          0          0          0          0         92   _rserrno.o
        10          0          0          0          0         60   _sputc.o
      1006          4          0          0          0        184   aeabi_sdivfast.o
       216          6        148          0          0         80   bigflt0.o
      1456         30          0          0          0        336   btod.o
        12          0          0          0          0         68   defsig_exit.o
        52          0          0          0          0         72   defsig_general.o
        80         58          0          0          0         68   defsig_rtmem_inner.o
        12          0          0          0          0         68   defsig_rtmem_outer.o
        52         38          0          0          0         68   defsig_rtred_inner.o
        12          0          0          0          0         68   defsig_rtred_outer.o
        16          0          0          0          0         68   exit.o
        72          0          0          0          0         76   fclose.o
       500         10          0          0          0         76   flsbuf.o
       240         10          0          0          0        108   fopen.o
        32          0          0          0          0         68   fputc.o
       244          4          0          0          0         76   fseek.o
        66          0          0          0          0         68   ftell.o
        98          0          0          0          0         72   h1_alloc.o
        52          0          0          0          0         68   h1_extend.o
        76          0          0          0          0         72   h1_free.o
        12          0          0          0          0         76   h1_init.o
         6          0          0          0          0        136   heapauxi.o
         4          0          0          0          0        120   hguard.o
         0          0          0          0          0          0   indicate_semi.o
       136          0          0          0          0        160   init_alloc.o
       316         44          0          0          0         96   initio.o
        44         10         28          0          0         76   lc_numeric_c.o
         2          0          0          0          0          0   libinit.o
        30          0          0          0          0          0   libinit2.o
         2          0          0          0          0          0   libshutdown.o
         6          0          0          0          0          0   libshutdown2.o
         8          4          0          0         96         68   libspace.o
       272          0          0          0          0         88   lludiv.o
       122          0          0          0          0         72   lludiv10.o
         0          0          0          0          0          0   maybetermalloc1.o
        40          4          0          0          0         84   noretval__2sprintf.o
        44          6          0          0          0         68   puts.o
         8          4          0          0          0         68   rt_errno_addr_intlibspace.o
         8          4          0          0          0         68   rt_heap_descriptor_intlibspace.o
         8          4          0          0          0         68   rt_locale_intlibspace.o
        64          0          0          0          0        108   rt_memclr.o
         2          0          0          0          0          0   rtexit.o
        10          0          0          0          0          0   rtexit2.o
        40          0          0          0          0         60   rtudiv10.o
        76          4          0          0          0         72   setvbuf.o
       268         14          0          0          0        152   stdio.o
         0          0          0         12        252          0   stdio_streams.o
       176          4          0          0          0         80   strcmpv6m.o
        68          6          0          0          0         72   strlen.o
        12          4          0          0          0         60   sys_exit.o
       102          0          0          0          0        232   sys_io.o
         0          0         12          0          0          0   sys_io_names.o
        62          0          0          0          0         80   sys_stackheap_outer.o
        12          0          0          0          0         68   sys_wrch.o
         2          0          0          0          0         68   use_no_semi.o
       124          4          0          0          0         72   d2f.o
       856         20          0          0          0        208   daddsub.o
        88          0          0          0          0         92   dflti.o
       584         26          0          0          0         84   dmul.o
        84          4          0          0          0         60   f2d.o
       176          4          0          0          0         80   fmul.o
       144          4          0          0          0         72   fsqrt.o
        16          4          0          0          0         76   printf1.o
         0          0          0          0          0          0   usenofp.o
        44          4          0          0          0         60   fpclassify.o
        44          0          0          0          0         72   sqrtf.o

    ----------------------------------------------------------------------
     10166        386        188         12        348       5576   Library Totals
        24          0          0          0          0          0   (incl. Padding)

    ----------------------------------------------------------------------

      Code (inc. data)   RO Data    RW Data    ZI Data      Debug   Library Name

      7982        316        188         12        348       4700   c_p.l
      2072         66          0          0          0        744   fz_ps.l
        88          4          0          0          0        132   m_ps.l

    ----------------------------------------------------------------------
     10166        386        188         12        348       5576   Library Totals

    ----------------------------------------------------------------------

==============================================================================


      Code (inc. data)   RO Data    RW Data    ZI Data      Debug   

     26308       1126       1996         24       2960     285755   Grand Totals
     26308       1126       1996         24       2960     285755   ELF Image Totals
     26308       1126       1996         24          0          0   ROM Totals

==============================================================================

    Total RO  Size (Code + RO Data)                28304 (  27.64kB)
    Total RW  Size (RW Data + ZI Data)              2984 (   2.91kB)
    Total ROM Size (Code + RO Data + RW Data)      28328 (  27.66kB)

==============================================================================

